Component: ARM Compiler 5.06 update 7 (build 960) Tool: armlink [4d3601]

==============================================================================

Section Cross References

    startup_stm32f746xx.o(RESET) refers to startup_stm32f746xx.o(STACK) for __initial_sp
    startup_stm32f746xx.o(RESET) refers to startup_stm32f746xx.o(.text) for Reset_Handler
    startup_stm32f746xx.o(RESET) refers to stm32f7xx_it.o(i.NMI_Handler) for NMI_Handler
    startup_stm32f746xx.o(RESET) refers to stm32f7xx_it.o(i.HardFault_Handler) for HardFault_Handler
    startup_stm32f746xx.o(RESET) refers to stm32f7xx_it.o(i.MemManage_Handler) for MemManage_Handler
    startup_stm32f746xx.o(RESET) refers to stm32f7xx_it.o(i.BusFault_Handler) for BusFault_Handler
    startup_stm32f746xx.o(RESET) refers to stm32f7xx_it.o(i.UsageFault_Handler) for UsageFault_Handler
    startup_stm32f746xx.o(RESET) refers to stm32f7xx_it.o(i.SVC_Handler) for SVC_Handler
    startup_stm32f746xx.o(RESET) refers to stm32f7xx_it.o(i.DebugMon_Handler) for DebugMon_Handler
    startup_stm32f746xx.o(RESET) refers to stm32f7xx_it.o(i.PendSV_Handler) for PendSV_Handler
    startup_stm32f746xx.o(RESET) refers to stm32f7xx_it.o(i.SysTick_Handler) for SysTick_Handler
    startup_stm32f746xx.o(RESET) refers to stm32f7xx_it.o(i.TIM6_DAC_IRQHandler) for TIM6_DAC_IRQHandler
    startup_stm32f746xx.o(RESET) refers to stm32f7xx_it.o(i.TIM7_IRQHandler) for TIM7_IRQHandler
    startup_stm32f746xx.o(.text) refers to system_stm32f7xx.o(i.SystemInit) for SystemInit
    startup_stm32f746xx.o(.text) refers to entry.o(.ARM.Collect$$$$00000000) for __main
    stm32746g_discovery.o(i.AUDIO_IO_Delay) refers to stm32f7xx_hal.o(i.HAL_Delay) for HAL_Delay
    stm32746g_discovery.o(i.AUDIO_IO_Init) refers to stm32746g_discovery.o(i.I2Cx_Init) for I2Cx_Init
    stm32746g_discovery.o(i.AUDIO_IO_Init) refers to stm32746g_discovery.o(.bss) for .bss
    stm32746g_discovery.o(i.AUDIO_IO_Read) refers to stm32746g_discovery.o(i.I2Cx_ReadMultiple) for I2Cx_ReadMultiple
    stm32746g_discovery.o(i.AUDIO_IO_Read) refers to stm32746g_discovery.o(.bss) for .bss
    stm32746g_discovery.o(i.AUDIO_IO_Write) refers to stm32746g_discovery.o(i.I2Cx_WriteMultiple) for I2Cx_WriteMultiple
    stm32746g_discovery.o(i.AUDIO_IO_Write) refers to stm32746g_discovery.o(.bss) for .bss
    stm32746g_discovery.o(i.BSP_COM_DeInit) refers to stm32f7xx_hal_uart.o(i.HAL_UART_DeInit) for HAL_UART_DeInit
    stm32746g_discovery.o(i.BSP_COM_DeInit) refers to stm32746g_discovery.o(.data) for .data
    stm32746g_discovery.o(i.BSP_COM_Init) refers to stm32f7xx_hal_gpio.o(i.HAL_GPIO_Init) for HAL_GPIO_Init
    stm32746g_discovery.o(i.BSP_COM_Init) refers to stm32f7xx_hal_uart.o(i.HAL_UART_Init) for HAL_UART_Init
    stm32746g_discovery.o(i.BSP_COM_Init) refers to stm32746g_discovery.o(.constdata) for .constdata
    stm32746g_discovery.o(i.BSP_COM_Init) refers to stm32746g_discovery.o(.data) for .data
    stm32746g_discovery.o(i.BSP_LED_DeInit) refers to stm32f7xx_hal_gpio.o(i.HAL_GPIO_WritePin) for HAL_GPIO_WritePin
    stm32746g_discovery.o(i.BSP_LED_DeInit) refers to stm32f7xx_hal_gpio.o(i.HAL_GPIO_DeInit) for HAL_GPIO_DeInit
    stm32746g_discovery.o(i.BSP_LED_DeInit) refers to stm32746g_discovery.o(.constdata) for .constdata
    stm32746g_discovery.o(i.BSP_LED_Init) refers to stm32f7xx_hal_gpio.o(i.HAL_GPIO_Init) for HAL_GPIO_Init
    stm32746g_discovery.o(i.BSP_LED_Init) refers to stm32f7xx_hal_gpio.o(i.HAL_GPIO_WritePin) for HAL_GPIO_WritePin
    stm32746g_discovery.o(i.BSP_LED_Init) refers to stm32746g_discovery.o(.constdata) for .constdata
    stm32746g_discovery.o(i.BSP_LED_Off) refers to stm32f7xx_hal_gpio.o(i.HAL_GPIO_WritePin) for HAL_GPIO_WritePin
    stm32746g_discovery.o(i.BSP_LED_Off) refers to stm32746g_discovery.o(.constdata) for .constdata
    stm32746g_discovery.o(i.BSP_LED_On) refers to stm32f7xx_hal_gpio.o(i.HAL_GPIO_WritePin) for HAL_GPIO_WritePin
    stm32746g_discovery.o(i.BSP_LED_On) refers to stm32746g_discovery.o(.constdata) for .constdata
    stm32746g_discovery.o(i.BSP_LED_Toggle) refers to stm32f7xx_hal_gpio.o(i.HAL_GPIO_TogglePin) for HAL_GPIO_TogglePin
    stm32746g_discovery.o(i.BSP_LED_Toggle) refers to stm32746g_discovery.o(.constdata) for .constdata
    stm32746g_discovery.o(i.BSP_PB_DeInit) refers to stm32f7xx_hal_cortex.o(i.HAL_NVIC_DisableIRQ) for HAL_NVIC_DisableIRQ
    stm32746g_discovery.o(i.BSP_PB_DeInit) refers to stm32f7xx_hal_gpio.o(i.HAL_GPIO_DeInit) for HAL_GPIO_DeInit
    stm32746g_discovery.o(i.BSP_PB_DeInit) refers to stm32746g_discovery.o(.constdata) for .constdata
    stm32746g_discovery.o(i.BSP_PB_DeInit) refers to stm32746g_discovery.o(.data) for .data
    stm32746g_discovery.o(i.BSP_PB_GetState) refers to stm32f7xx_hal_gpio.o(i.HAL_GPIO_ReadPin) for HAL_GPIO_ReadPin
    stm32746g_discovery.o(i.BSP_PB_GetState) refers to stm32746g_discovery.o(.constdata) for .constdata
[...]
    .ARM.Collect$$$$0000000A                 0x080001d0   Section        0  entry8b.o(.ARM.Collect$$$$0000000A)
    .ARM.Collect$$$$0000000B                 0x080001d0   Section        8  entry9a.o(.ARM.Collect$$$$0000000B)
    .ARM.Collect$$$$0000000E                 0x080001d8   Section        4  entry12b.o(.ARM.Collect$$$$0000000E)
    .ARM.Collect$$$$0000000F                 0x080001dc   Section        0  entry10a.o(.ARM.Collect$$$$0000000F)
    .ARM.Collect$$$$00000011                 0x080001dc   Section        0  entry11a.o(.ARM.Collect$$$$00000011)
    .ARM.Collect$$$$00002712                 0x080001dc   Section        4  entry2.o(.ARM.Collect$$$$00002712)
    __lit__00000000                          0x080001dc   Data           4  entry2.o(.ARM.Collect$$$$00002712)
    .text                                    0x080001e0   Section       36  startup_stm32f746xx.o(.text)
    $v0                                      0x080001e0   Number         0  startup_stm32f746xx.o(.text)
    .text                                    0x08000204   Section        0  uldiv.o(.text)
    .text                                    0x08000268   Section        0  rand.o(.text)
    .text                                    0x0800028c   Section        0  memcpya.o(.text)
    .text                                    0x080002b0   Section        0  memseta.o(.text)
    .text                                    0x080002d4   Section        0  uidiv.o(.text)
    .text                                    0x08000300   Section        0  llshl.o(.text)
    .text                                    0x0800031e   Section        0  llushr.o(.text)
    .text                                    0x08000340   Section       36  init.o(.text)
    i.BSP_LCD_Clear                          0x08000364   Section        0  stm32746g_discovery_lcd.o(i.BSP_LCD_Clear)
    i.BSP_LCD_ClockConfig                    0x0800039c   Section        0  stm32746g_discovery_lcd.o(i.BSP_LCD_ClockConfig)
    i.BSP_LCD_DisplayChar                    0x080003bc   Section        0  stm32746g_discovery_lcd.o(i.BSP_LCD_DisplayChar)
    i.BSP_LCD_DisplayOn                      0x080003f0   Section        0  stm32746g_discovery_lcd.o(i.BSP_LCD_DisplayOn)
    i.BSP_LCD_DisplayStringAt                0x08000424   Section        0  stm32746g_discovery_lcd.o(i.BSP_LCD_DisplayStringAt)
    i.BSP_LCD_DrawCircle                     0x080004ec   Section        0  stm32746g_discovery_lcd.o(i.BSP_LCD_DrawCircle)
    i.BSP_LCD_DrawHLine                      0x08000604   Section        0  stm32746g_discovery_lcd.o(i.BSP_LCD_DrawHLine)
    i.BSP_LCD_DrawPixel                      0x08000680   Section        0  stm32746g_discovery_lcd.o(i.BSP_LCD_DrawPixel)
    i.BSP_LCD_FillCircle                     0x080006e4   Section        0  stm32746g_discovery_lcd.o(i.BSP_LCD_FillCircle)
    i.BSP_LCD_FillRect                       0x080007a8   Section        0  stm32746g_discovery_lcd.o(i.BSP_LCD_FillRect)
    i.BSP_LCD_GetXSize                       0x08000844   Section        0  stm32746g_discovery_lcd.o(i.BSP_LCD_GetXSize)
    i.BSP_LCD_GetYSize                       0x08000864   Section        0  stm32746g_discovery_lcd.o(i.BSP_LCD_GetYSize)
    i.BSP_LCD_Init                           0x08000884   Section        0  stm32746g_discovery_lcd.o(i.BSP_LCD_Init)
    i.BSP_LCD_LayerDefaultInit               0x08000928   Section        0  stm32746g_discovery_lcd.o(i.BSP_LCD_LayerDefaultInit)
    i.BSP_LCD_MspInit                        0x080009a0   Section        0  stm32746g_discovery_lcd.o(i.BSP_LCD_MspInit)
    i.BSP_LCD_SelectLayer                    0x08000ad8   Section        0  stm32746g_discovery_lcd.o(i.BSP_LCD_SelectLayer)
    i.BSP_LCD_SetBackColor                   0x08000ae4   Section        0  stm32746g_discovery_lcd.o(i.BSP_LCD_SetBackColor)
    i.BSP_LCD_SetFont                        0x08000b00   Section        0  stm32746g_discovery_lcd.o(i.BSP_LCD_SetFont)
    i.BSP_LCD_SetTextColor                   0x08000b1c   Section        0  stm32746g_discovery_lcd.o(i.BSP_LCD_SetTextColor)
    i.BSP_SDRAM_Init                         0x08000b34   Section        0  stm32746g_discovery_sdram.o(i.BSP_SDRAM_Init)
    i.BSP_SDRAM_Initialization_sequence      0x08000bac   Section        0  stm32746g_discovery_sdram.o(i.BSP_SDRAM_Initialization_sequence)
    i.BSP_SDRAM_MspInit                      0x08000c38   Section        0  stm32746g_discovery_sdram.o(i.BSP_SDRAM_MspInit)
    i.BSP_TS_GetState                        0x08000da0   Section        0  stm32746g_discovery_ts.o(i.BSP_TS_GetState)
    i.BSP_TS_Get_GestureId                   0x08000f10   Section        0  stm32746g_discovery_ts.o(i.BSP_TS_Get_GestureId)
    i.BSP_TS_Init                            0x08000f6c   Section        0  stm32746g_discovery_ts.o(i.BSP_TS_Init)
    i.BusFault_Handler                       0x08000fa8   Section        0  stm32f7xx_it.o(i.BusFault_Handler)
    i.DMA2D_SetConfig                        0x08000faa   Section        0  stm32f7xx_hal_dma2d.o(i.DMA2D_SetConfig)
    DMA2D_SetConfig                          0x08000fab   Thumb Code   146  stm32f7xx_hal_dma2d.o(i.DMA2D_SetConfig)
    i.DMA_CalcBaseAndBitshift                0x0800103c   Section        0  stm32f7xx_hal_dma.o(i.DMA_CalcBaseAndBitshift)
    DMA_CalcBaseAndBitshift                  0x0800103d   Thumb Code    34  stm32f7xx_hal_dma.o(i.DMA_CalcBaseAndBitshift)
    i.DMA_CheckFifoParam                     0x08001064   Section        0  stm32f7xx_hal_dma.o(i.DMA_CheckFifoParam)
    DMA_CheckFifoParam                       0x08001065   Thumb Code    84  stm32f7xx_hal_dma.o(i.DMA_CheckFifoParam)
    i.DebugMon_Handler                       0x080010b8   Section        0  stm32f7xx_it.o(i.DebugMon_Handler)
    i.DrawChar                               0x080010bc   Section        0  stm32746g_discovery_lcd.o(i.DrawChar)
    DrawChar                                 0x080010bd   Thumb Code   168  stm32746g_discovery_lcd.o(i.DrawChar)
    i.FMC_SDRAM_Init                         0x0800116c   Section        0  stm32f7xx_ll_fmc.o(i.FMC_SDRAM_Init)
    i.FMC_SDRAM_ProgramRefreshRate           0x080011ca   Section        0  stm32f7xx_ll_fmc.o(i.FMC_SDRAM_ProgramRefreshRate)
    i.FMC_SDRAM_SendCommand                  0x080011d6   Section        0  stm32f7xx_ll_fmc.o(i.FMC_SDRAM_SendCommand)
    i.FMC_SDRAM_Timing_Init                  0x080011f8   Section        0  stm32f7xx_ll_fmc.o(i.FMC_SDRAM_Timing_Init)
    i.HAL_DMA2D_ConfigLayer                  0x08001284   Section        0  stm32f7xx_hal_dma2d.o(i.HAL_DMA2D_ConfigLayer)
    i.HAL_DMA2D_Init                         0x08001324   Section        0  stm32f7xx_hal_dma2d.o(i.HAL_DMA2D_Init)
    i.HAL_DMA2D_MspInit                      0x08001380   Section        0  stm32f7xx_hal_msp.o(i.HAL_DMA2D_MspInit)
    i.HAL_DMA2D_PollForTransfer              0x080013a8   Section        0  stm32f7xx_hal_dma2d.o(i.HAL_DMA2D_PollForTransfer)
    i.HAL_DMA2D_Start                        0x080014b6   Section        0  stm32f7xx_hal_dma2d.o(i.HAL_DMA2D_Start)
    i.HAL_DMA_DeInit                         0x080014ea   Section        0  stm32f7xx_hal_dma.o(i.HAL_DMA_DeInit)
    i.HAL_DMA_Init                           0x0800154c   Section        0  stm32f7xx_hal_dma.o(i.HAL_DMA_Init)
    i.HAL_Delay                              0x08001630   Section        0  stm32f7xx_hal.o(i.HAL_Delay)
    i.HAL_FMC_MspInit                        0x08001654   Section        0  stm32f7xx_hal_msp.o(i.HAL_FMC_MspInit)
    HAL_FMC_MspInit                          0x08001655   Thumb Code   146  stm32f7xx_hal_msp.o(i.HAL_FMC_MspInit)
    i.HAL_GPIO_Init                          0x08001708   Section        0  stm32f7xx_hal_gpio.o(i.HAL_GPIO_Init)
    i.HAL_GPIO_ReadPin                       0x080018e0   Section        0  stm32f7xx_hal_gpio.o(i.HAL_GPIO_ReadPin)
    i.HAL_GPIO_WritePin                      0x080018ea   Section        0  stm32f7xx_hal_gpio.o(i.HAL_GPIO_WritePin)
    i.HAL_GetTick                            0x080018f4   Section        0  stm32f7xx_hal.o(i.HAL_GetTick)
    i.HAL_I2C_DeInit                         0x08001900   Section        0  stm32f7xx_hal_i2c.o(i.HAL_I2C_DeInit)
    i.HAL_I2C_GetState                       0x08001934   Section        0  stm32f7xx_hal_i2c.o(i.HAL_I2C_GetState)
    i.HAL_I2C_Init                           0x0800193c   Section        0  stm32f7xx_hal_i2c.o(i.HAL_I2C_Init)
    i.HAL_I2C_Mem_Read                       0x080019f4   Section        0  stm32f7xx_hal_i2c.o(i.HAL_I2C_Mem_Read)
    i.HAL_I2C_Mem_Write                      0x08001b58   Section        0  stm32f7xx_hal_i2c.o(i.HAL_I2C_Mem_Write)
    i.HAL_I2C_MspDeInit                      0x08001cb0   Section        0  stm32f7xx_hal_i2c.o(i.HAL_I2C_MspDeInit)
    i.HAL_I2C_MspInit                        0x08001cb2   Section        0  stm32f7xx_hal_i2c.o(i.HAL_I2C_MspInit)
    i.HAL_IncTick                            0x08001cb4   Section        0  stm32f7xx_hal.o(i.HAL_IncTick)
    i.HAL_Init                               0x08001cc4   Section        0  stm32f7xx_hal.o(i.HAL_Init)
    i.HAL_InitTick                           0x08001cdc   Section        0  stm32f7xx_hal.o(i.HAL_InitTick)
    i.HAL_LTDC_ConfigLayer                   0x08001d1c   Section        0  stm32f7xx_hal_ltdc.o(i.HAL_LTDC_ConfigLayer)
    i.HAL_LTDC_GetState                      0x08001d6e   Section        0  stm32f7xx_hal_ltdc.o(i.HAL_LTDC_GetState)
    i.HAL_LTDC_Init                          0x08001d74   Section        0  stm32f7xx_hal_ltdc.o(i.HAL_LTDC_Init)
    i.HAL_LTDC_MspInit                       0x08001e6c   Section        0  stm32f7xx_hal_msp.o(i.HAL_LTDC_MspInit)
    i.HAL_MspInit                            0x08001f78   Section        0  stm32f7xx_hal_msp.o(i.HAL_MspInit)
    i.HAL_NVIC_EnableIRQ                     0x08001fa8   Section        0  stm32f7xx_hal_cortex.o(i.HAL_NVIC_EnableIRQ)
    i.HAL_NVIC_SetPriority                   0x08001fc4   Section        0  stm32f7xx_hal_cortex.o(i.HAL_NVIC_SetPriority)
    i.HAL_NVIC_SetPriorityGrouping           0x08002004   Section        0  stm32f7xx_hal_cortex.o(i.HAL_NVIC_SetPriorityGrouping)
    i.HAL_RCCEx_PeriphCLKConfig              0x08002028   Section        0  stm32f7xx_hal_rcc_ex.o(i.HAL_RCCEx_PeriphCLKConfig)
    i.HAL_RCC_ClockConfig                    0x08002524   Section        0  stm32f7xx_hal_rcc.o(i.HAL_RCC_ClockConfig)
    i.HAL_RCC_GetPCLK1Freq                   0x08002650   Section        0  stm32f7xx_hal_rcc.o(i.HAL_RCC_GetPCLK1Freq)
    i.HAL_RCC_GetPCLK2Freq                   0x08002670   Section        0  stm32f7xx_hal_rcc.o(i.HAL_RCC_GetPCLK2Freq)
    i.HAL_RCC_GetSysClockFreq                0x08002690   Section        0  stm32f7xx_hal_rcc.o(i.HAL_RCC_GetSysClockFreq)
    i.HAL_RCC_OscConfig                      0x080026f4   Section        0  stm32f7xx_hal_rcc.o(i.HAL_RCC_OscConfig)
    i.HAL_SDRAM_Init                         0x08002a2c   Section        0  stm32f7xx_hal_sdram.o(i.HAL_SDRAM_Init)
    i.HAL_SDRAM_MspInit                      0x08002a6e   Section        0  stm32f7xx_hal_msp.o(i.HAL_SDRAM_MspInit)
    i.HAL_SDRAM_ProgramRefreshRate           0x08002a72   Section        0  stm32f7xx_hal_sdram.o(i.HAL_SDRAM_ProgramRefreshRate)
    i.HAL_SDRAM_SendCommand                  0x08002a94   Section        0  stm32f7xx_hal_sdram.o(i.HAL_SDRAM_SendCommand)
    i.HAL_SYSTICK_Config                     0x08002ac4   Section        0  stm32f7xx_hal_cortex.o(i.HAL_SYSTICK_Config)
    i.HAL_TIMEx_Break2Callback               0x08002aea   Section        0  stm32f7xx_hal_tim_ex.o(i.HAL_TIMEx_Break2Callback)
    i.HAL_TIMEx_BreakCallback                0x08002aec   Section        0  stm32f7xx_hal_tim_ex.o(i.HAL_TIMEx_BreakCallback)
    i.HAL_TIMEx_CommutCallback               0x08002aee   Section        0  stm32f7xx_hal_tim_ex.o(i.HAL_TIMEx_CommutCallback)
    i.HAL_TIMEx_MasterConfigSynchronization  0x08002af0   Section        0  stm32f7xx_hal_tim_ex.o(i.HAL_TIMEx_MasterConfigSynchronization)
    i.HAL_TIM_Base_Init                      0x08002b50   Section        0  stm32f7xx_hal_tim.o(i.HAL_TIM_Base_Init)
    i.HAL_TIM_Base_MspInit                   0x08002b88   Section        0  stm32f7xx_hal_msp.o(i.HAL_TIM_Base_MspInit)
    i.HAL_TIM_Base_Start_IT                  0x08002bec   Section        0  stm32f7xx_hal_tim.o(i.HAL_TIM_Base_Start_IT)
    i.HAL_TIM_IC_CaptureCallback             0x08002c18   Section        0  stm32f7xx_hal_tim.o(i.HAL_TIM_IC_CaptureCallback)
    i.HAL_TIM_IRQHandler                     0x08002c1a   Section        0  stm32f7xx_hal_tim.o(i.HAL_TIM_IRQHandler)
    i.HAL_TIM_OC_DelayElapsedCallback        0x08002d9c   Section        0  stm32f7xx_hal_tim.o(i.HAL_TIM_OC_DelayElapsedCallback)
    i.HAL_TIM_PWM_PulseFinishedCallback      0x08002d9e   Section        0  stm32f7xx_hal_tim.o(i.HAL_TIM_PWM_PulseFinishedCallback)
    i.HAL_TIM_PeriodElapsedCallback          0x08002da0   Section        0  main.o(i.HAL_TIM_PeriodElapsedCallback)
    i.HAL_TIM_TriggerCallback                0x08003000   Section        0  stm32f7xx_hal_tim.o(i.HAL_TIM_TriggerCallback)
    i.HAL_UART_Init                          0x08003002   Section        0  stm32f7xx_hal_uart.o(i.HAL_UART_Init)
    i.HAL_UART_MspInit                       0x08003068   Section        0  stm32f7xx_hal_msp.o(i.HAL_UART_MspInit)
    i.HardFault_Handler                      0x080030f8   Section        0  stm32f7xx_it.o(i.HardFault_Handler)
    i.I2C_Flush_TXDR                         0x080030fa   Section        0  stm32f7xx_hal_i2c.o(i.I2C_Flush_TXDR)
    I2C_Flush_TXDR                           0x080030fb   Thumb Code    34  stm32f7xx_hal_i2c.o(i.I2C_Flush_TXDR)
    i.I2C_IsAcknowledgeFailed                0x0800311c   Section        0  stm32f7xx_hal_i2c.o(i.I2C_IsAcknowledgeFailed)
    I2C_IsAcknowledgeFailed                  0x0800311d   Thumb Code   132  stm32f7xx_hal_i2c.o(i.I2C_IsAcknowledgeFailed)
    i.I2C_RequestMemoryRead                  0x080031a4   Section        0  stm32f7xx_hal_i2c.o(i.I2C_RequestMemoryRead)
    I2C_RequestMemoryRead                    0x080031a5   Thumb Code    94  stm32f7xx_hal_i2c.o(i.I2C_RequestMemoryRead)
    i.I2C_RequestMemoryWrite                 0x08003208   Section        0  stm32f7xx_hal_i2c.o(i.I2C_RequestMemoryWrite)
    I2C_RequestMemoryWrite                   0x08003209   Thumb Code    94  stm32f7xx_hal_i2c.o(i.I2C_RequestMemoryWrite)
    i.I2C_TransferConfig                     0x0800326c   Section        0  stm32f7xx_hal_i2c.o(i.I2C_TransferConfig)
    I2C_TransferConfig                       0x0800326d   Thumb Code    40  stm32f7xx_hal_i2c.o(i.I2C_TransferConfig)
    i.I2C_WaitOnFlagUntilTimeout             0x08003298   Section        0  stm32f7xx_hal_i2c.o(i.I2C_WaitOnFlagUntilTimeout)
    I2C_WaitOnFlagUntilTimeout               0x08003299   Thumb Code    90  stm32f7xx_hal_i2c.o(i.I2C_WaitOnFlagUntilTimeout)
    i.I2C_WaitOnSTOPFlagUntilTimeout         0x080032f2   Section        0  stm32f7xx_hal_i2c.o(i.I2C_WaitOnSTOPFlagUntilTimeout)
    I2C_WaitOnSTOPFlagUntilTimeout           0x080032f3   Thumb Code    78  stm32f7xx_hal_i2c.o(i.I2C_WaitOnSTOPFlagUntilTimeout)
    i.I2C_WaitOnTXISFlagUntilTimeout         0x08003340   Section        0  stm32f7xx_hal_i2c.o(i.I2C_WaitOnTXISFlagUntilTimeout)
    I2C_WaitOnTXISFlagUntilTimeout           0x08003341   Thumb Code    82  stm32f7xx_hal_i2c.o(i.I2C_WaitOnTXISFlagUntilTimeout)
    i.I2Cx_Error                             0x08003392   Section        0  stm32746g_discovery.o(i.I2Cx_Error)
    I2Cx_Error                               0x08003393   Thumb Code    18  stm32746g_discovery.o(i.I2Cx_Error)
    i.I2Cx_Init                              0x080033a4   Section        0  stm32746g_discovery.o(i.I2Cx_Init)
    I2Cx_Init                                0x080033a5   Thumb Code    64  stm32746g_discovery.o(i.I2Cx_Init)
    i.I2Cx_MspInit                           0x080033f4   Section        0  stm32746g_discovery.o(i.I2Cx_MspInit)
    I2Cx_MspInit                             0x080033f5   Thumb Code   266  stm32746g_discovery.o(i.I2Cx_MspInit)
    i.I2Cx_ReadMultiple                      0x08003518   Section        0  stm32746g_discovery.o(i.I2Cx_ReadMultiple)
    I2Cx_ReadMultiple                        0x08003519   Thumb Code    42  stm32746g_discovery.o(i.I2Cx_ReadMultiple)
    i.I2Cx_WriteMultiple                     0x08003542   Section        0  stm32746g_discovery.o(i.I2Cx_WriteMultiple)
    I2Cx_WriteMultiple                       0x08003543   Thumb Code    42  stm32746g_discovery.o(i.I2Cx_WriteMultiple)
    i.LL_FillBuffer                          0x0800356c   Section        0  stm32746g_discovery_lcd.o(i.LL_FillBuffer)
    LL_FillBuffer                            0x0800356d   Thumb Code   116  stm32746g_discovery_lcd.o(i.LL_FillBuffer)
    i.LTDC_SetConfig                         0x080035ec   Section        0  stm32f7xx_hal_ltdc.o(i.LTDC_SetConfig)
    LTDC_SetConfig                           0x080035ed   Thumb Code   464  stm32f7xx_hal_ltdc.o(i.LTDC_SetConfig)
    i.MX_FMC_Init                            0x080037bc   Section        0  main.o(i.MX_FMC_Init)
    MX_FMC_Init                              0x080037bd   Thumb Code    72  main.o(i.MX_FMC_Init)
    i.MX_GPIO_Init                           0x0800380c   Section        0  main.o(i.MX_GPIO_Init)
    MX_GPIO_Init                             0x0800380d   Thumb Code  1274  main.o(i.MX_GPIO_Init)
    i.MX_LTDC_Init                           0x08003d1c   Section        0  main.o(i.MX_LTDC_Init)
    MX_LTDC_Init                             0x08003d1d   Thumb Code   188  main.o(i.MX_LTDC_Init)
    i.MX_USART1_UART_Init                    0x08003de0   Section        0  main.o(i.MX_USART1_UART_Init)
    MX_USART1_UART_Init                      0x08003de1   Thumb Code    40  main.o(i.MX_USART1_UART_Init)
    i.MemManage_Handler                      0x08003e10   Section        0  stm32f7xx_it.o(i.MemManage_Handler)
    i.NMI_Handler                            0x08003e12   Section        0  stm32f7xx_it.o(i.NMI_Handler)
    i.PendSV_Handler                         0x08003e14   Section        0  stm32f7xx_it.o(i.PendSV_Handler)
    i.SVC_Handler                            0x08003e16   Section        0  stm32f7xx_it.o(i.SVC_Handler)
    i.SysTick_Handler                        0x08003e18   Section        0  stm32f7xx_it.o(i.SysTick_Handler)
    i.SystemClock_Config                     0x08003e1c   Section        0  main.o(i.SystemClock_Config)
    i.SystemInit                             0x08003ec4   Section        0  system_stm32f7xx.o(i.SystemInit)
    i.TIM6_DAC_IRQHandler                    0x08003f18   Section        0  stm32f7xx_it.o(i.TIM6_DAC_IRQHandler)
    i.TIM7_IRQHandler                        0x08003f24   Section        0  stm32f7xx_it.o(i.TIM7_IRQHandler)
    i.TIM_Base_SetConfig                     0x08003f30   Section        0  stm32f7xx_hal_tim.o(i.TIM_Base_SetConfig)
    i.TS_IO_Delay                            0x08003ffc   Section        0  stm32746g_discovery.o(i.TS_IO_Delay)
    i.TS_IO_Init                             0x08004000   Section        0  stm32746g_discovery.o(i.TS_IO_Init)
    i.TS_IO_Read                             0x0800400c   Section        0  stm32746g_discovery.o(i.TS_IO_Read)
    i.TS_IO_Write                            0x08004034   Section        0  stm32746g_discovery.o(i.TS_IO_Write)
    i.UART_AdvFeatureConfig                  0x08004054   Section        0  stm32f7xx_hal_uart.o(i.UART_AdvFeatureConfig)
    i.UART_CheckIdleState                    0x0800411c   Section        0  stm32f7xx_hal_uart.o(i.UART_CheckIdleState)
    i.UART_SetConfig                         0x08004158   Section        0  stm32f7xx_hal_uart.o(i.UART_SetConfig)
    i.UART_WaitOnFlagUntilTimeout            0x080043ac   Section        0  stm32f7xx_hal_uart.o(i.UART_WaitOnFlagUntilTimeout)
    i.UsageFault_Handler                     0x0800440c   Section        0  stm32f7xx_it.o(i.UsageFault_Handler)
    i.__0sprintf$1                           0x08004410   Section        0  printf1.o(i.__0sprintf$1)
    i.__NVIC_SetPriority                     0x08004438   Section        0  stm32f7xx_hal_cortex.o(i.__NVIC_SetPriority)
    __NVIC_SetPriority                       0x08004439   Thumb Code    34  stm32f7xx_hal_cortex.o(i.__NVIC_SetPriority)
    i.__scatterload_copy                     0x0800445a   Section       14  handlers.o(i.__scatterload_copy)
    i.__scatterload_null                     0x08004468   Section        2  handlers.o(i.__scatterload_null)
    i.__scatterload_zeroinit                 0x0800446a   Section       14  handlers.o(i.__scatterload_zeroinit)
    i._printf_core                           0x08004478   Section        0  printf1.o(i._printf_core)
    _printf_core                             0x08004479   Thumb Code   336  printf1.o(i._printf_core)
    i._sputc                                 0x080045cc   Section        0  printf1.o(i._sputc)
    _sputc                                   0x080045cd   Thumb Code    10  printf1.o(i._sputc)
    i.ball_direction_initial                 0x080045d8   Section        0  main.o(i.ball_direction_initial)
    i.draw_ball                              0x08004660   Section        0  main.o(i.draw_ball)
    i.draw_rect                              0x080046a0   Section        0  main.o(i.draw_rect)
    i.draw_score                             0x08004770   Section        0  main.o(i.draw_score)
    i.ft5336_I2C_InitializeIfRequired        0x080047a0   Section        0  ft5336.o(i.ft5336_I2C_InitializeIfRequired)
    ft5336_I2C_InitializeIfRequired          0x080047a1   Thumb Code    20  ft5336.o(i.ft5336_I2C_InitializeIfRequired)
    i.ft5336_Init                            0x080047b8   Section        0  ft5336.o(i.ft5336_Init)
    i.ft5336_ReadID                          0x080047c8   Section        0  ft5336.o(i.ft5336_ReadID)
    i.ft5336_Reset                           0x08004802   Section        0  ft5336.o(i.ft5336_Reset)
    i.ft5336_TS_ClearIT                      0x08004804   Section        0  ft5336.o(i.ft5336_TS_ClearIT)
    i.ft5336_TS_DetectTouch                  0x08004808   Section        0  ft5336.o(i.ft5336_TS_DetectTouch)
    i.ft5336_TS_DisableIT                    0x08004848   Section        0  ft5336.o(i.ft5336_TS_DisableIT)
    i.ft5336_TS_EnableIT                     0x08004852   Section        0  ft5336.o(i.ft5336_TS_EnableIT)
    i.ft5336_TS_GetGestureID                 0x0800485c   Section        0  ft5336.o(i.ft5336_TS_GetGestureID)
    i.ft5336_TS_GetTouchInfo                 0x0800487c   Section        0  ft5336.o(i.ft5336_TS_GetTouchInfo)
    i.ft5336_TS_GetXY                        0x08004948   Section        0  ft5336.o(i.ft5336_TS_GetXY)
    i.ft5336_TS_ITStatus                     0x08004a68   Section        0  ft5336.o(i.ft5336_TS_ITStatus)
    i.ft5336_TS_Start                        0x08004a6c   Section        0  ft5336.o(i.ft5336_TS_Start)
    i.main                                   0x08004a70   Section        0  main.o(i.main)
    i.print_mode1                            0x08004c60   Section        0  main.o(i.print_mode1)
    .constdata                               0x08004cb0   Section     6840  stm32746g_discovery_lcd.o(.constdata)
    .constdata                               0x08006768   Section        8  stm32f7xx_hal_dma.o(.constdata)
    flagBitshiftOffset                       0x08006768   Data           8  stm32f7xx_hal_dma.o(.constdata)
    .constdata                               0x08006770   Section       16  system_stm32f7xx.o(.constdata)
    .constdata                               0x08006780   Section        8  system_stm32f7xx.o(.constdata)
    .data                                    0x20000000   Section       12  stm32746g_discovery_lcd.o(.data)
    ActiveLayer                              0x20000000   Data           4  stm32746g_discovery_lcd.o(.data)
    .data                                    0x2000000c   Section        2  stm32746g_discovery_sdram.o(.data)
    sdramstatus                              0x2000000c   Data           1  stm32746g_discovery_sdram.o(.data)
    sdramstatus                              0x2000000d   Data           1  stm32746g_discovery_sdram.o(.data)
    .data                                    0x20000010   Section       12  stm32746g_discovery_ts.o(.data)
    tsOrientation                            0x20000010   Data           1  stm32746g_discovery_ts.o(.data)
    I2cAddress                               0x20000011   Data           1  stm32746g_discovery_ts.o(.data)
    tsXBoundary                              0x20000012   Data           2  stm32746g_discovery_ts.o(.data)
    tsYBoundary                              0x20000014   Data           2  stm32746g_discovery_ts.o(.data)
    tsDriver                                 0x20000018   Data           4  stm32746g_discovery_ts.o(.data)
    .data                                    0x2000001c   Section       40  ft5336.o(.data)
    .data                                    0x20000044   Section        5  ft5336.o(.data)
    coord                                    0x20000044   Data           2  ft5336.o(.data)
    ft5336_handle                            0x20000046   Data           3  ft5336.o(.data)
    .data                                    0x2000004c   Section      136  main.o(.data)
    counter_tim6                             0x20000058   Data           4  main.o(.data)
    .data                                    0x200000d4   Section        8  stm32f7xx_hal_msp.o(.data)
    FMC_Initialized                          0x200000d4   Data           4  stm32f7xx_hal_msp.o(.data)
    FMC_DeInitialized                        0x200000d8   Data           4  stm32f7xx_hal_msp.o(.data)
    .data                                    0x200000dc   Section       12  stm32f7xx_hal.o(.data)
    .data                                    0x200000e8   Section        4  system_stm32f7xx.o(.data)
    .data                                    0x200000ec   Section        4  rand.o(.data)
    _rand_state                              0x200000ec   Data           4  rand.o(.data)
    .bss                                     0x200000f0   Section      152  stm32746g_discovery.o(.bss)
    hI2cAudioHandler                         0x200000f0   Data          76  stm32746g_discovery.o(.bss)
    hI2cExtHandler                           0x2000013c   Data          76  stm32746g_discovery.o(.bss)
    .bss                                     0x20000188   Section      388  stm32746g_discovery_lcd.o(.bss)
    periph_clk_init_struct                   0x20000188   Data         132  stm32746g_discovery_lcd.o(.bss)
    hDma2dHandler                            0x200002b4   Data          64  stm32746g_discovery_lcd.o(.bss)
    DrawProp                                 0x200002f4   Data          24  stm32746g_discovery_lcd.o(.bss)
    .bss                                     0x2000030c   Section      288  stm32746g_discovery_sdram.o(.bss)
    dma_handle                               0x2000030c   Data          96  stm32746g_discovery_sdram.o(.bss)
    dma_handle                               0x2000036c   Data          96  stm32746g_discovery_sdram.o(.bss)
    Timing                                   0x20000400   Data          28  stm32746g_discovery_sdram.o(.bss)
    Command                                  0x2000041c   Data          16  stm32746g_discovery_sdram.o(.bss)
    .bss                                     0x2000042c   Section       40  stm32746g_discovery_ts.o(.bss)
    _x                                       0x2000042c   Data          20  stm32746g_discovery_ts.o(.bss)
    _y                                       0x20000440   Data          20  stm32746g_discovery_ts.o(.bss)
    .bss                                     0x20000454   Section      608  main.o(.bss)
    STACK                                    0x200006b8   Section     1024  startup_stm32f746xx.o(STACK)

    Global Symbols

    Symbol Name                              Value     Ov Type        Size  Object(Section)

    BuildAttributes$$THM_ISAv4$E$P$D$K$B$S$7EM$VFPi5$EXTD16$VFPS$VFMA$PE$PLD8$A:L22UL41UL21$X:L11$S22US41US21$IEEE1$IW$USESV6$~STKCKD$USESV7$~SHL$OSPACE$ROPI$EBA8$MICROLIB$REQ8$PRES8$EABIv2 0x00000000   Number         0  anon$$obj.o ABSOLUTE
    __ARM_use_no_argv                        0x00000000   Number         0  main.o ABSOLUTE
    _printf_a                                0x00000000   Number         0  stubs.o ABSOLUTE
    _printf_c                                0x00000000   Number         0  stubs.o ABSOLUTE
    _printf_charcount                        0x00000000   Number         0  stubs.o ABSOLUTE
    _printf_d                                0x00000000   Number         0  stubs.o ABSOLUTE
    _printf_e                                0x00000000   Number         0  stubs.o ABSOLUTE
    _printf_f                                0x00000000   Number         0  stubs.o ABSOLUTE
    _printf_flags                            0x00000000   Number         0  stubs.o ABSOLUTE
    _printf_fp_dec                           0x00000000   Number         0  stubs.o ABSOLUTE
    _printf_fp_hex                           0x00000000   Number         0  stubs.o ABSOLUTE
    _printf_g                                0x00000000   Number         0  stubs.o ABSOLUTE
    _printf_i                                0x00000000   Number         0  stubs.o ABSOLUTE
    _printf_int_dec                          0x00000000   Number         0  stubs.o ABSOLUTE
    _printf_l                                0x00000000   Number         0  stubs.o ABSOLUTE
    _printf_lc                               0x00000000   Number         0  stubs.o ABSOLUTE
    _printf_ll                               0x00000000   Number         0  stubs.o ABSOLUTE
    _printf_lld                              0x00000000   Number         0  stubs.o ABSOLUTE
    _printf_lli                              0x00000000   Number         0  stubs.o ABSOLUTE
    _printf_llo                              0x00000000   Number         0  stubs.o ABSOLUTE
    _printf_llu                              0x00000000   Number         0  stubs.o ABSOLUTE
    _printf_llx                              0x00000000   Number         0  stubs.o ABSOLUTE
    _printf_longlong_dec                     0x00000000   Number         0  stubs.o ABSOLUTE
    _printf_longlong_hex                     0x00000000   Number         0  stubs.o ABSOLUTE
    _printf_longlong_oct                     0x00000000   Number         0  stubs.o ABSOLUTE
    _printf_ls                               0x00000000   Number         0  stubs.o ABSOLUTE
    _printf_mbtowc                           0x00000000   Number         0  stubs.o ABSOLUTE
    _printf_n                                0x00000000   Number         0  stubs.o ABSOLUTE
    _printf_o                                0x00000000   Number         0  stubs.o ABSOLUTE
    _printf_p                                0x00000000   Number         0  stubs.o ABSOLUTE
    _printf_percent                          0x00000000   Number         0  stubs.o ABSOLUTE
    _printf_pre_padding                      0x00000000   Number         0  stubs.o ABSOLUTE
    _printf_return_value                     0x00000000   Number         0  stubs.o ABSOLUTE
    _printf_s                                0x00000000   Number         0  stubs.o ABSOLUTE
    _printf_sizespec                         0x00000000   Number         0  stubs.o ABSOLUTE
    _printf_str                              0x00000000   Number         0  stubs.o ABSOLUTE
    _printf_truncate_signed                  0x00000000   Number         0  stubs.o ABSOLUTE
    _printf_truncate_unsigned                0x00000000   Number         0  stubs.o ABSOLUTE
    _printf_u                                0x00000000   Number         0  stubs.o ABSOLUTE
    _printf_wc                               0x00000000   Number         0  stubs.o ABSOLUTE
    _printf_wctomb                           0x00000000   Number         0  stubs.o ABSOLUTE
    _printf_widthprec                        0x00000000   Number         0  stubs.o ABSOLUTE
    _printf_x                                0x00000000   Number         0  stubs.o ABSOLUTE
    __arm_fini_                               - Undefined Weak Reference
    __cpp_initialize__aeabi_                  - Undefined Weak Reference
    __cxa_finalize                            - Undefined Weak Reference
    __decompress                              - Undefined Weak Reference
    _clock_init                               - Undefined Weak Reference
    _microlib_exit                            - Undefined Weak Reference
    __Vectors_Size                           0x000001c8   Number         0  startup_stm32f746xx.o ABSOLUTE
    __Vectors                                0x08000000   Data           4  startup_stm32f746xx.o(RESET)
    __Vectors_End                            0x080001c8   Data           0  startup_stm32f746xx.o(RESET)
    __main                                   0x080001c9   Thumb Code     0  entry.o(.ARM.Collect$$$$00000000)
    _main_stk                                0x080001c9   Thumb Code     0  entry2.o(.ARM.Collect$$$$00000001)
    _main_scatterload                        0x080001cd   Thumb Code     0  entry5.o(.ARM.Collect$$$$00000004)
    __main_after_scatterload                 0x080001d1   Thumb Code     0  entry5.o(.ARM.Collect$$$$00000004)
    _main_clock                              0x080001d1   Thumb Code     0  entry7b.o(.ARM.Collect$$$$00000008)
    _main_cpp_init                           0x080001d1   Thumb Code     0  entry8b.o(.ARM.Collect$$$$0000000A)
    _main_init                               0x080001d1   Thumb Code     0  entry9a.o(.ARM.Collect$$$$0000000B)
    __rt_lib_shutdown_fini                   0x080001d9   Thumb Code     0  entry12b.o(.ARM.Collect$$$$0000000E)
    __rt_final_cpp                           0x080001dd   Thumb Code     0  entry10a.o(.ARM.Collect$$$$0000000F)
    __rt_final_exit                          0x080001dd   Thumb Code     0  entry11a.o(.ARM.Collect$$$$00000011)
    Reset_Handler                            0x080001e1   Thumb Code     8  startup_stm32f746xx.o(.text)
    ADC_IRQHandler                           0x080001fb   Thumb Code     0  startup_stm32f746xx.o(.text)
    CAN1_RX0_IRQHandler                      0x080001fb   Thumb Code     0  startup_stm32f746xx.o(.text)
    CAN1_RX1_IRQHandler                      0x080001fb   Thumb Code     0  startup_stm32f746xx.o(.text)
    CAN1_SCE_IRQHandler                      0x080001fb   Thumb Code     0  startup_stm32f746xx.o(.text)
    CAN1_TX_IRQHandler                       0x080001fb   Thumb Code     0  startup_stm32f746xx.o(.text)
    CAN2_RX0_IRQHandler                      0x080001fb   Thumb Code     0  startup_stm32f746xx.o(.text)
    CAN2_RX1_IRQHandler                      0x080001fb   Thumb Code     0  startup_stm32f746xx.o(.text)
    CAN2_SCE_IRQHandler                      0x080001fb   Thumb Code     0  startup_stm32f746xx.o(.text)
    CAN2_TX_IRQHandler                       0x080001fb   Thumb Code     0  startup_stm32f746xx.o(.text)
    CEC_IRQHandler                           0x080001fb   Thumb Code     0  startup_stm32f746xx.o(.text)
    DCMI_IRQHandler                          0x080001fb   Thumb Code     0  startup_stm32f746xx.o(.text)
    DMA1_Stream0_IRQHandler                  0x080001fb   Thumb Code     0  startup_stm32f746xx.o(.text)
    DMA1_Stream1_IRQHandler                  0x080001fb   Thumb Code     0  startup_stm32f746xx.o(.text)
    DMA1_Stream2_IRQHandler                  0x080001fb   Thumb Code     0  startup_stm32f746xx.o(.text)
    DMA1_Stream3_IRQHandler                  0x080001fb   Thumb Code     0  startup_stm32f746xx.o(.text)
    DMA1_Stream4_IRQHandler                  0x080001fb   Thumb Code     0  startup_stm32f746xx.o(.text)
    DMA1_Stream5_IRQHandler                  0x080001fb   Thumb Code     0  startup_stm32f746xx.o(.text)
    DMA1_Stream6_IRQHandler                  0x080001fb   Thumb Code     0  startup_stm32f746xx.o(.text)
    DMA1_Stream7_IRQHandler                  0x080001fb   Thumb Code     0  startup_stm32f746xx.o(.text)
    DMA2D_IRQHandler                         0x080001fb   Thumb Code     0  startup_stm32f746xx.o(.text)
    DMA2_Stream0_IRQHandler                  0x080001fb   Thumb Code     0  startup_stm32f746xx.o(.text)
    DMA2_Stream1_IRQHandler                  0x080001fb   Thumb Code     0  startup_stm32f746xx.o(.text)
    DMA2_Stream2_IRQHandler                  0x080001fb   Thumb Code     0  startup_stm32f746xx.o(.text)
    DMA2_Stream3_IRQHandler                  0x080001fb   Thumb Code     0  startup_stm32f746xx.o(.text)
    DMA2_Stream4_IRQHandler                  0x080001fb   Thumb Code     0  startup_stm32f746xx.o(.text)
    DMA2_Stream5_IRQHandler                  0x080001fb   Thumb Code     0  startup_stm32f746xx.o(.text)
    DMA2_Stream6_IRQHandler                  0x080001fb   Thumb Code     0  startup_stm32f746xx.o(.text)
    DMA2_Stream7_IRQHandler                  0x080001fb   Thumb Code     0  startup_stm32f746xx.o(.text)
    ETH_IRQHandler                           0x080001fb   Thumb Code     0  startup_stm32f746xx.o(.text)
    ETH_WKUP_IRQHandler                      0x080001fb   Thumb Code     0  startup_stm32f746xx.o(.text)
    EXTI0_IRQHandler                         0x080001fb   Thumb Code     0  startup_stm32f746xx.o(.text)
    EXTI15_10_IRQHandler                     0x080001fb   Thumb Code     0  startup_stm32f746xx.o(.text)
    EXTI1_IRQHandler                         0x080001fb   Thumb Code     0  startup_stm32f746xx.o(.text)
    EXTI2_IRQHandler                         0x080001fb   Thumb Code     0  startup_stm32f746xx.o(.text)
    EXTI3_IRQHandler                         0x080001fb   Thumb Code     0  startup_stm32f746xx.o(.text)
    EXTI4_IRQHandler                         0x080001fb   Thumb Code     0  startup_stm32f746xx.o(.text)
    EXTI9_5_IRQHandler                       0x080001fb   Thumb Code     0  startup_stm32f746xx.o(.text)
    FLASH_IRQHandler                         0x080001fb   Thumb Code     0  startup_stm32f746xx.o(.text)
    FMC_IRQHandler                           0x080001fb   Thumb Code     0  startup_stm32f746xx.o(.text)
    FPU_IRQHandler                           0x080001fb   Thumb Code     0  startup_stm32f746xx.o(.text)
    I2C1_ER_IRQHandler                       0x080001fb   Thumb Code     0  startup_stm32f746xx.o(.text)
    I2C1_EV_IRQHandler                       0x080001fb   Thumb Code     0  startup_stm32f746xx.o(.text)
    I2C2_ER_IRQHandler                       0x080001fb   Thumb Code     0  startup_stm32f746xx.o(.text)
    I2C2_EV_IRQHandler                       0x080001fb   Thumb Code     0  startup_stm32f746xx.o(.text)
    I2C3_ER_IRQHandler                       0x080001fb   Thumb Code     0  startup_stm32f746xx.o(.text)
    I2C3_EV_IRQHandler                       0x080001fb   Thumb Code     0  startup_stm32f746xx.o(.text)
    I2C4_ER_IRQHandler                       0x080001fb   Thumb Code     0  startup_stm32f746xx.o(.text)
    I2C4_EV_IRQHandler                       0x080001fb   Thumb Code     0  startup_stm32f746xx.o(.text)
    LPTIM1_IRQHandler                        0x080001fb   Thumb Code     0  startup_stm32f746xx.o(.text)
    LTDC_ER_IRQHandler                       0x080001fb   Thumb Code     0  startup_stm32f746xx.o(.text)
    LTDC_IRQHandler                          0x080001fb   Thumb Code     0  startup_stm32f746xx.o(.text)
    OTG_FS_IRQHandler                        0x080001fb   Thumb Code     0  startup_stm32f746xx.o(.text)
    OTG_FS_WKUP_IRQHandler                   0x080001fb   Thumb Code     0  startup_stm32f746xx.o(.text)
    OTG_HS_EP1_IN_IRQHandler                 0x080001fb   Thumb Code     0  startup_stm32f746xx.o(.text)
    OTG_HS_EP1_OUT_IRQHandler                0x080001fb   Thumb Code     0  startup_stm32f746xx.o(.text)
    OTG_HS_IRQHandler                        0x080001fb   Thumb Code     0  startup_stm32f746xx.o(.text)
    OTG_HS_WKUP_IRQHandler                   0x080001fb   Thumb Code     0  startup_stm32f746xx.o(.text)
    PVD_IRQHandler                           0x080001fb   Thumb Code     0  startup_stm32f746xx.o(.text)
    QUADSPI_IRQHandler                       0x080001fb   Thumb Code     0  startup_stm32f746xx.o(.text)
    RCC_IRQHandler                           0x080001fb   Thumb Code     0  startup_stm32f746xx.o(.text)
    RNG_IRQHandler                           0x080001fb   Thumb Code     0  startup_stm32f746xx.o(.text)
    RTC_Alarm_IRQHandler                     0x080001fb   Thumb Code     0  startup_stm32f746xx.o(.text)
    RTC_WKUP_IRQHandler                      0x080001fb   Thumb Code     0  startup_stm32f746xx.o(.text)
    SAI1_IRQHandler                          0x080001fb   Thumb Code     0  startup_stm32f746xx.o(.text)
    SAI2_IRQHandler                          0x080001fb   Thumb Code     0  startup_stm32f746xx.o(.text)
    SDMMC1_IRQHandler                        0x080001fb   Thumb Code     0  startup_stm32f746xx.o(.text)
    SPDIF_RX_IRQHandler                      0x080001fb   Thumb Code     0  startup_stm32f746xx.o(.text)
    SPI1_IRQHandler                          0x080001fb   Thumb Code     0  startup_stm32f746xx.o(.text)
    SPI2_IRQHandler                          0x080001fb   Thumb Code     0  startup_stm32f746xx.o(.text)
    SPI3_IRQHandler                          0x080001fb   Thumb Code     0  startup_stm32f746xx.o(.text)
    SPI4_IRQHandler                          0x080001fb   Thumb Code     0  startup_stm32f746xx.o(.text)
    SPI5_IRQHandler                          0x080001fb   Thumb Code     0  startup_stm32f746xx.o(.text)
    SPI6_IRQHandler                          0x080001fb   Thumb Code     0  startup_stm32f746xx.o(.text)
    TAMP_STAMP_IRQHandler                    0x080001fb   Thumb Code     0  startup_stm32f746xx.o(.text)
    TIM1_BRK_TIM9_IRQHandler                 0x080001fb   Thumb Code     0  startup_stm32f746xx.o(.text)
    TIM1_CC_IRQHandler                       0x080001fb   Thumb Code     0  startup_stm32f746xx.o(.text)
    TIM1_TRG_COM_TIM11_IRQHandler            0x080001fb   Thumb Code     0  startup_stm32f746xx.o(.text)
    TIM1_UP_TIM10_IRQHandler                 0x080001fb   Thumb Code     0  startup_stm32f746xx.o(.text)
    TIM2_IRQHandler                          0x080001fb   Thumb Code     0  startup_stm32f746xx.o(.text)
    TIM3_IRQHandler                          0x080001fb   Thumb Code     0  startup_stm32f746xx.o(.text)
    TIM4_IRQHandler                          0x080001fb   Thumb Code     0  startup_stm32f746xx.o(.text)
    TIM5_IRQHandler                          0x080001fb   Thumb Code     0  startup_stm32f746xx.o(.text)
    TIM8_BRK_TIM12_IRQHandler                0x080001fb   Thumb Code     0  startup_stm32f746xx.o(.text)
    TIM8_CC_IRQHandler                       0x080001fb   Thumb Code     0  startup_stm32f746xx.o(.text)
    TIM8_TRG_COM_TIM14_IRQHandler            0x080001fb   Thumb Code     0  startup_stm32f746xx.o(.text)
    TIM8_UP_TIM13_IRQHandler                 0x080001fb   Thumb Code     0  startup_stm32f746xx.o(.text)
    UART4_IRQHandler                         0x080001fb   Thumb Code     0  startup_stm32f746xx.o(.text)
    UART5_IRQHandler                         0x080001fb   Thumb Code     0  startup_stm32f746xx.o(.text)
    UART7_IRQHandler                         0x080001fb   Thumb Code     0  startup_stm32f746xx.o(.text)
    UART8_IRQHandler                         0x080001fb   Thumb Code     0  startup_stm32f746xx.o(.text)
    USART1_IRQHandler                        0x080001fb   Thumb Code     0  startup_stm32f746xx.o(.text)
    USART2_IRQHandler                        0x080001fb   Thumb Code     0  startup_stm32f746xx.o(.text)
    USART3_IRQHandler                        0x080001fb   Thumb Code     0  startup_stm32f746xx.o(.text)
    USART6_IRQHandler                        0x080001fb   Thumb Code     0  startup_stm32f746xx.o(.text)
    WWDG_IRQHandler                          0x080001fb   Thumb Code     0  startup_stm32f746xx.o(.text)
    __aeabi_uldivmod                         0x08000205   Thumb Code    98  uldiv.o(.text)
    rand                                     0x08000269   Thumb Code    20  rand.o(.text)
    srand                                    0x0800027d   Thumb Code     6  rand.o(.text)
    __aeabi_memcpy                           0x0800028d   Thumb Code    36  memcpya.o(.text)
    __aeabi_memcpy4                          0x0800028d   Thumb Code     0  memcpya.o(.text)
    __aeabi_memcpy8                          0x0800028d   Thumb Code     0  memcpya.o(.text)
    __aeabi_memset                           0x080002b1   Thumb Code    14  memseta.o(.text)
    __aeabi_memset4                          0x080002b1   Thumb Code     0  memseta.o(.text)
    __aeabi_memset8                          0x080002b1   Thumb Code     0  memseta.o(.text)
    __aeabi_memclr                           0x080002bf   Thumb Code     4  memseta.o(.text)
    __aeabi_memclr4                          0x080002bf   Thumb Code     0  memseta.o(.text)
    __aeabi_memclr8                          0x080002bf   Thumb Code     0  memseta.o(.text)
    _memset$wrapper                          0x080002c3   Thumb Code    18  memseta.o(.text)
    __aeabi_uidiv                            0x080002d5   Thumb Code     0  uidiv.o(.text)
    __aeabi_uidivmod                         0x080002d5   Thumb Code    44  uidiv.o(.text)
    __aeabi_llsl                             0x08000301   Thumb Code    30  llshl.o(.text)
    _ll_shift_l                              0x08000301   Thumb Code     0  llshl.o(.text)
    __aeabi_llsr                             0x0800031f   Thumb Code    32  llushr.o(.text)
    _ll_ushift_r                             0x0800031f   Thumb Code     0  llushr.o(.text)
    __scatterload                            0x08000341   Thumb Code    28  init.o(.text)
    __scatterload_rt2                        0x08000341   Thumb Code     0  init.o(.text)
    BSP_LCD_Clear                            0x08000365   Thumb Code    48  stm32746g_discovery_lcd.o(i.BSP_LCD_Clear)
    BSP_LCD_ClockConfig                      0x0800039d   Thumb Code    26  stm32746g_discovery_lcd.o(i.BSP_LCD_ClockConfig)
    BSP_LCD_DisplayChar                      0x080003bd   Thumb Code    44  stm32746g_discovery_lcd.o(i.BSP_LCD_DisplayChar)
    BSP_LCD_DisplayOn                        0x080003f1   Thumb Code    38  stm32746g_discovery_lcd.o(i.BSP_LCD_DisplayOn)
    BSP_LCD_DisplayStringAt                  0x08000425   Thumb Code   192  stm32746g_discovery_lcd.o(i.BSP_LCD_DisplayStringAt)
    BSP_LCD_DrawCircle                       0x080004ed   Thumb Code   270  stm32746g_discovery_lcd.o(i.BSP_LCD_DrawCircle)
    BSP_LCD_DrawHLine                        0x08000605   Thumb Code   116  stm32746g_discovery_lcd.o(i.BSP_LCD_DrawHLine)
    BSP_LCD_DrawPixel                        0x08000681   Thumb Code    90  stm32746g_discovery_lcd.o(i.BSP_LCD_DrawPixel)
    BSP_LCD_FillCircle                       0x080006e5   Thumb Code   186  stm32746g_discovery_lcd.o(i.BSP_LCD_FillCircle)
    BSP_LCD_FillRect                         0x080007a9   Thumb Code   148  stm32746g_discovery_lcd.o(i.BSP_LCD_FillRect)
    BSP_LCD_GetXSize                         0x08000845   Thumb Code    22  stm32746g_discovery_lcd.o(i.BSP_LCD_GetXSize)
    BSP_LCD_GetYSize                         0x08000865   Thumb Code    22  stm32746g_discovery_lcd.o(i.BSP_LCD_GetYSize)
    BSP_LCD_Init                             0x08000885   Thumb Code   142  stm32746g_discovery_lcd.o(i.BSP_LCD_Init)
    BSP_LCD_LayerDefaultInit                 0x08000929   Thumb Code   112  stm32746g_discovery_lcd.o(i.BSP_LCD_LayerDefaultInit)
    BSP_LCD_MspInit                          0x080009a1   Thumb Code   286  stm32746g_discovery_lcd.o(i.BSP_LCD_MspInit)
    BSP_LCD_SelectLayer                      0x08000ad9   Thumb Code     6  stm32746g_discovery_lcd.o(i.BSP_LCD_SelectLayer)
    BSP_LCD_SetBackColor                     0x08000ae5   Thumb Code    18  stm32746g_discovery_lcd.o(i.BSP_LCD_SetBackColor)
    BSP_LCD_SetFont                          0x08000b01   Thumb Code    18  stm32746g_discovery_lcd.o(i.BSP_LCD_SetFont)
    BSP_LCD_SetTextColor                     0x08000b1d   Thumb Code    16  stm32746g_discovery_lcd.o(i.BSP_LCD_SetTextColor)
    BSP_SDRAM_Init                           0x08000b35   Thumb Code   108  stm32746g_discovery_sdram.o(i.BSP_SDRAM_Init)
    BSP_SDRAM_Initialization_sequence        0x08000bad   Thumb Code   134  stm32746g_discovery_sdram.o(i.BSP_SDRAM_Initialization_sequence)
    BSP_SDRAM_MspInit                        0x08000c39   Thumb Code   322  stm32746g_discovery_sdram.o(i.BSP_SDRAM_MspInit)
    BSP_TS_GetState                          0x08000da1   Thumb Code   360  stm32746g_discovery_ts.o(i.BSP_TS_GetState)
    BSP_TS_Get_GestureId                     0x08000f11   Thumb Code    88  stm32746g_discovery_ts.o(i.BSP_TS_Get_GestureId)
    BSP_TS_Init                              0x08000f6d   Thumb Code    50  stm32746g_discovery_ts.o(i.BSP_TS_Init)
    BusFault_Handler                         0x08000fa9   Thumb Code     2  stm32f7xx_it.o(i.BusFault_Handler)
    DebugMon_Handler                         0x080010b9   Thumb Code     2  stm32f7xx_it.o(i.DebugMon_Handler)
    FMC_SDRAM_Init                           0x0800116d   Thumb Code    94  stm32f7xx_ll_fmc.o(i.FMC_SDRAM_Init)
    FMC_SDRAM_ProgramRefreshRate             0x080011cb   Thumb Code    12  stm32f7xx_ll_fmc.o(i.FMC_SDRAM_ProgramRefreshRate)
    FMC_SDRAM_SendCommand                    0x080011d7   Thumb Code    32  stm32f7xx_ll_fmc.o(i.FMC_SDRAM_SendCommand)
    FMC_SDRAM_Timing_Init                    0x080011f9   Thumb Code   134  stm32f7xx_ll_fmc.o(i.FMC_SDRAM_Timing_Init)
    HAL_DMA2D_ConfigLayer                    0x08001285   Thumb Code   156  stm32f7xx_hal_dma2d.o(i.HAL_DMA2D_ConfigLayer)
    HAL_DMA2D_Init                           0x08001325   Thumb Code    90  stm32f7xx_hal_dma2d.o(i.HAL_DMA2D_Init)
    HAL_DMA2D_MspInit                        0x08001381   Thumb Code    30  stm32f7xx_hal_msp.o(i.HAL_DMA2D_MspInit)
    HAL_DMA2D_PollForTransfer                0x080013a9   Thumb Code   270  stm32f7xx_hal_dma2d.o(i.HAL_DMA2D_PollForTransfer)
    HAL_DMA2D_Start                          0x080014b7   Thumb Code    52  stm32f7xx_hal_dma2d.o(i.HAL_DMA2D_Start)
    HAL_DMA_DeInit                           0x080014eb   Thumb Code    98  stm32f7xx_hal_dma.o(i.HAL_DMA_DeInit)
    HAL_DMA_Init                             0x0800154d   Thumb Code   222  stm32f7xx_hal_dma.o(i.HAL_DMA_Init)
    HAL_Delay                                0x08001631   Thumb Code    32  stm32f7xx_hal.o(i.HAL_Delay)
    HAL_GPIO_Init                            0x08001709   Thumb Code   418  stm32f7xx_hal_gpio.o(i.HAL_GPIO_Init)
    HAL_GPIO_ReadPin                         0x080018e1   Thumb Code    10  stm32f7xx_hal_gpio.o(i.HAL_GPIO_ReadPin)
    HAL_GPIO_WritePin                        0x080018eb   Thumb Code    10  stm32f7xx_hal_gpio.o(i.HAL_GPIO_WritePin)
    HAL_GetTick                              0x080018f5   Thumb Code     6  stm32f7xx_hal.o(i.HAL_GetTick)
    HAL_I2C_DeInit                           0x08001901   Thumb Code    52  stm32f7xx_hal_i2c.o(i.HAL_I2C_DeInit)
    HAL_I2C_GetState                         0x08001935   Thumb Code     6  stm32f7xx_hal_i2c.o(i.HAL_I2C_GetState)
    HAL_I2C_Init                             0x0800193d   Thumb Code   180  stm32f7xx_hal_i2c.o(i.HAL_I2C_Init)
    HAL_I2C_Mem_Read                         0x080019f5   Thumb Code   346  stm32f7xx_hal_i2c.o(i.HAL_I2C_Mem_Read)
    HAL_I2C_Mem_Write                        0x08001b59   Thumb Code   340  stm32f7xx_hal_i2c.o(i.HAL_I2C_Mem_Write)
    HAL_I2C_MspDeInit                        0x08001cb1   Thumb Code     2  stm32f7xx_hal_i2c.o(i.HAL_I2C_MspDeInit)
    HAL_I2C_MspInit                          0x08001cb3   Thumb Code     2  stm32f7xx_hal_i2c.o(i.HAL_I2C_MspInit)
    HAL_IncTick                              0x08001cb5   Thumb Code    12  stm32f7xx_hal.o(i.HAL_IncTick)
    HAL_Init                                 0x08001cc5   Thumb Code    22  stm32f7xx_hal.o(i.HAL_Init)
    HAL_InitTick                             0x08001cdd   Thumb Code    54  stm32f7xx_hal.o(i.HAL_InitTick)
    HAL_LTDC_ConfigLayer                     0x08001d1d   Thumb Code    82  stm32f7xx_hal_ltdc.o(i.HAL_LTDC_ConfigLayer)
    HAL_LTDC_GetState                        0x08001d6f   Thumb Code     6  stm32f7xx_hal_ltdc.o(i.HAL_LTDC_GetState)
    HAL_LTDC_Init                            0x08001d75   Thumb Code   242  stm32f7xx_hal_ltdc.o(i.HAL_LTDC_Init)
    HAL_LTDC_MspInit                         0x08001e6d   Thumb Code   240  stm32f7xx_hal_msp.o(i.HAL_LTDC_MspInit)
    HAL_MspInit                              0x08001f79   Thumb Code    42  stm32f7xx_hal_msp.o(i.HAL_MspInit)
    HAL_NVIC_EnableIRQ                       0x08001fa9   Thumb Code    26  stm32f7xx_hal_cortex.o(i.HAL_NVIC_EnableIRQ)
    HAL_NVIC_SetPriority                     0x08001fc5   Thumb Code    60  stm32f7xx_hal_cortex.o(i.HAL_NVIC_SetPriority)
    HAL_NVIC_SetPriorityGrouping             0x08002005   Thumb Code    28  stm32f7xx_hal_cortex.o(i.HAL_NVIC_SetPriorityGrouping)
    HAL_RCCEx_PeriphCLKConfig                0x08002029   Thumb Code  1276  stm32f7xx_hal_rcc_ex.o(i.HAL_RCCEx_PeriphCLKConfig)
    HAL_RCC_ClockConfig                      0x08002525   Thumb Code   282  stm32f7xx_hal_rcc.o(i.HAL_RCC_ClockConfig)
    HAL_RCC_GetPCLK1Freq                     0x08002651   Thumb Code    20  stm32f7xx_hal_rcc.o(i.HAL_RCC_GetPCLK1Freq)
    HAL_RCC_GetPCLK2Freq                     0x08002671   Thumb Code    20  stm32f7xx_hal_rcc.o(i.HAL_RCC_GetPCLK2Freq)
    HAL_RCC_GetSysClockFreq                  0x08002691   Thumb Code    88  stm32f7xx_hal_rcc.o(i.HAL_RCC_GetSysClockFreq)
    HAL_RCC_OscConfig                        0x080026f5   Thumb Code   810  stm32f7xx_hal_rcc.o(i.HAL_RCC_OscConfig)
    HAL_SDRAM_Init                           0x08002a2d   Thumb Code    66  stm32f7xx_hal_sdram.o(i.HAL_SDRAM_Init)
    HAL_SDRAM_MspInit                        0x08002a6f   Thumb Code     4  stm32f7xx_hal_msp.o(i.HAL_SDRAM_MspInit)
    HAL_SDRAM_ProgramRefreshRate             0x08002a73   Thumb Code    34  stm32f7xx_hal_sdram.o(i.HAL_SDRAM_ProgramRefreshRate)
    HAL_SDRAM_SendCommand                    0x08002a95   Thumb Code    48  stm32f7xx_hal_sdram.o(i.HAL_SDRAM_SendCommand)
    HAL_SYSTICK_Config                       0x08002ac5   Thumb Code    38  stm32f7xx_hal_cortex.o(i.HAL_SYSTICK_Config)
    HAL_TIMEx_Break2Callback                 0x08002aeb   Thumb Code     2  stm32f7xx_hal_tim_ex.o(i.HAL_TIMEx_Break2Callback)
    HAL_TIMEx_BreakCallback                  0x08002aed   Thumb Code     2  stm32f7xx_hal_tim_ex.o(i.HAL_TIMEx_BreakCallback)
    HAL_TIMEx_CommutCallback                 0x08002aef   Thumb Code     2  stm32f7xx_hal_tim_ex.o(i.HAL_TIMEx_CommutCallback)
    HAL_TIMEx_MasterConfigSynchronization    0x08002af1   Thumb Code    88  stm32f7xx_hal_tim_ex.o(i.HAL_TIMEx_MasterConfigSynchronization)
    HAL_TIM_Base_Init                        0x08002b51   Thumb Code    54  stm32f7xx_hal_tim.o(i.HAL_TIM_Base_Init)
    HAL_TIM_Base_MspInit                     0x08002b89   Thumb Code    86  stm32f7xx_hal_msp.o(i.HAL_TIM_Base_MspInit)
    HAL_TIM_Base_Start_IT                    0x08002bed   Thumb Code    40  stm32f7xx_hal_tim.o(i.HAL_TIM_Base_Start_IT)
    HAL_TIM_IC_CaptureCallback               0x08002c19   Thumb Code     2  stm32f7xx_hal_tim.o(i.HAL_TIM_IC_CaptureCallback)
    HAL_TIM_IRQHandler                       0x08002c1b   Thumb Code   386  stm32f7xx_hal_tim.o(i.HAL_TIM_IRQHandler)
    HAL_TIM_OC_DelayElapsedCallback          0x08002d9d   Thumb Code     2  stm32f7xx_hal_tim.o(i.HAL_TIM_OC_DelayElapsedCallback)
    HAL_TIM_PWM_PulseFinishedCallback        0x08002d9f   Thumb Code     2  stm32f7xx_hal_tim.o(i.HAL_TIM_PWM_PulseFinishedCallback)
    HAL_TIM_PeriodElapsedCallback            0x08002da1   Thumb Code   594  main.o(i.HAL_TIM_PeriodElapsedCallback)
    HAL_TIM_TriggerCallback                  0x08003001   Thumb Code     2  stm32f7xx_hal_tim.o(i.HAL_TIM_TriggerCallback)
    HAL_UART_Init                            0x08003003   Thumb Code   102  stm32f7xx_hal_uart.o(i.HAL_UART_Init)
    HAL_UART_MspInit                         0x08003069   Thumb Code   126  stm32f7xx_hal_msp.o(i.HAL_UART_MspInit)
    HardFault_Handler                        0x080030f9   Thumb Code     2  stm32f7xx_it.o(i.HardFault_Handler)
    MemManage_Handler                        0x08003e11   Thumb Code     2  stm32f7xx_it.o(i.MemManage_Handler)
    NMI_Handler                              0x08003e13   Thumb Code     2  stm32f7xx_it.o(i.NMI_Handler)
    PendSV_Handler                           0x08003e15   Thumb Code     2  stm32f7xx_it.o(i.PendSV_Handler)
    SVC_Handler                              0x08003e17   Thumb Code     2  stm32f7xx_it.o(i.SVC_Handler)
    SysTick_Handler                          0x08003e19   Thumb Code     4  stm32f7xx_it.o(i.SysTick_Handler)
    SystemClock_Config                       0x08003e1d   Thumb Code   160  main.o(i.SystemClock_Config)
    SystemInit                               0x08003ec5   Thumb Code    68  system_stm32f7xx.o(i.SystemInit)
    TIM6_DAC_IRQHandler                      0x08003f19   Thumb Code     6  stm32f7xx_it.o(i.TIM6_DAC_IRQHandler)
    TIM7_IRQHandler                          0x08003f25   Thumb Code     6  stm32f7xx_it.o(i.TIM7_IRQHandler)
    TIM_Base_SetConfig                       0x08003f31   Thumb Code   158  stm32f7xx_hal_tim.o(i.TIM_Base_SetConfig)
    TS_IO_Delay                              0x08003ffd   Thumb Code     4  stm32746g_discovery.o(i.TS_IO_Delay)
    TS_IO_Init                               0x08004001   Thumb Code     6  stm32746g_discovery.o(i.TS_IO_Init)
    TS_IO_Read                               0x0800400d   Thumb Code    34  stm32746g_discovery.o(i.TS_IO_Read)
    TS_IO_Write                              0x08004035   Thumb Code    26  stm32746g_discovery.o(i.TS_IO_Write)
    UART_AdvFeatureConfig                    0x08004055   Thumb Code   200  stm32f7xx_hal_uart.o(i.UART_AdvFeatureConfig)
    UART_CheckIdleState                      0x0800411d   Thumb Code    60  stm32f7xx_hal_uart.o(i.UART_CheckIdleState)
    UART_SetConfig                           0x08004159   Thumb Code   546  stm32f7xx_hal_uart.o(i.UART_SetConfig)
    UART_WaitOnFlagUntilTimeout              0x080043ad   Thumb Code    96  stm32f7xx_hal_uart.o(i.UART_WaitOnFlagUntilTimeout)
    UsageFault_Handler                       0x0800440d   Thumb Code     2  stm32f7xx_it.o(i.UsageFault_Handler)
    __0sprintf$1                             0x08004411   Thumb Code    34  printf1.o(i.__0sprintf$1)
    __1sprintf$1                             0x08004411   Thumb Code     0  printf1.o(i.__0sprintf$1)
    __2sprintf                               0x08004411   Thumb Code     0  printf1.o(i.__0sprintf$1)
    __scatterload_copy                       0x0800445b   Thumb Code    14  handlers.o(i.__scatterload_copy)
    __scatterload_null                       0x08004469   Thumb Code     2  handlers.o(i.__scatterload_null)
    __scatterload_zeroinit                   0x0800446b   Thumb Code    14  handlers.o(i.__scatterload_zeroinit)
    ball_direction_initial                   0x080045d9   Thumb Code   130  main.o(i.ball_direction_initial)
    draw_ball                                0x08004661   Thumb Code    56  main.o(i.draw_ball)
    draw_rect                                0x080046a1   Thumb Code   204  main.o(i.draw_rect)
    draw_score                               0x08004771   Thumb Code    34  main.o(i.draw_score)
    ft5336_Init                              0x080047b9   Thumb Code    16  ft5336.o(i.ft5336_Init)
    ft5336_ReadID                            0x080047c9   Thumb Code    58  ft5336.o(i.ft5336_ReadID)
    ft5336_Reset                             0x08004803   Thumb Code     2  ft5336.o(i.ft5336_Reset)
    ft5336_TS_ClearIT                        0x08004805   Thumb Code     2  ft5336.o(i.ft5336_TS_ClearIT)
    ft5336_TS_DetectTouch                    0x08004809   Thumb Code    60  ft5336.o(i.ft5336_TS_DetectTouch)
    ft5336_TS_DisableIT                      0x08004849   Thumb Code    10  ft5336.o(i.ft5336_TS_DisableIT)
    ft5336_TS_EnableIT                       0x08004853   Thumb Code    10  ft5336.o(i.ft5336_TS_EnableIT)
    ft5336_TS_GetGestureID                   0x0800485d   Thumb Code    30  ft5336.o(i.ft5336_TS_GetGestureID)
    ft5336_TS_GetTouchInfo                   0x0800487d   Thumb Code   200  ft5336.o(i.ft5336_TS_GetTouchInfo)
    ft5336_TS_GetXY                          0x08004949   Thumb Code   282  ft5336.o(i.ft5336_TS_GetXY)
    ft5336_TS_ITStatus                       0x08004a69   Thumb Code     4  ft5336.o(i.ft5336_TS_ITStatus)
    ft5336_TS_Start                          0x08004a6d   Thumb Code     4  ft5336.o(i.ft5336_TS_Start)
    main                                     0x08004a71   Thumb Code   468  main.o(i.main)
    print_mode1                              0x08004c61   Thumb Code    46  main.o(i.print_mode1)
    Font24_Table                             0x08004cb0   Data        6840  stm32746g_discovery_lcd.o(.constdata)
    AHBPrescTable                            0x08006770   Data          16  system_stm32f7xx.o(.constdata)
    APBPrescTable                            0x08006780   Data           8  system_stm32f7xx.o(.constdata)
    Region$$Table$$Base                      0x08006788   Number         0  anon$$obj.o(Region$$Table)
    Region$$Table$$Limit                     0x080067a8   Number         0  anon$$obj.o(Region$$Table)
    Font24                                   0x20000004   Data           8  stm32746g_discovery_lcd.o(.data)
    ft5336_ts_drv                            0x2000001c   Data          40  ft5336.o(.data)
    mode                                     0x2000004c   Data           2  main.o(.data)
    print_flag_ball                          0x2000004e   Data           2  main.o(.data)
    print_flag_rect_right                    0x20000050   Data           2  main.o(.data)
    print_flag_rect_left                     0x20000052   Data           2  main.o(.data)
    print_flag_score                         0x20000054   Data           2  main.o(.data)
    button_flag                              0x20000056   Data           2  main.o(.data)
    speed_index                              0x2000005c   Data           4  main.o(.data)
    score                                    0x20000060   Data           8  main.o(.data)
    rect_left                                0x20000068   Data           8  main.o(.data)
    rect_right                               0x20000070   Data           8  main.o(.data)
    pre_finger_left                          0x20000078   Data           8  main.o(.data)
    pre_finger_right                         0x20000080   Data           8  main.o(.data)
    pre_set_finger                           0x20000088   Data           8  main.o(.data)
    set_finger                               0x20000090   Data           8  main.o(.data)
    finger_left                              0x20000098   Data           8  main.o(.data)
    finger_right                             0x200000a0   Data           8  main.o(.data)
    speed                                    0x200000a8   Data          44  main.o(.data)
    uwTickFreq                               0x200000dc   Data           1  stm32f7xx_hal.o(.data)
    uwTickPrio                               0x200000e0   Data           4  stm32f7xx_hal.o(.data)
    uwTick                                   0x200000e4   Data           4  stm32f7xx_hal.o(.data)
    SystemCoreClock                          0x200000e8   Data           4  system_stm32f7xx.o(.data)
    hLtdcHandler                             0x2000020c   Data         168  stm32746g_discovery_lcd.o(.bss)
    sdramHandle                              0x200003cc   Data          52  stm32746g_discovery_sdram.o(.bss)
    hdma2d                                   0x20000454   Data          64  main.o(.bss)
    hltdc                                    0x20000494   Data         168  main.o(.bss)
    htim6                                    0x2000053c   Data          64  main.o(.bss)
    htim7                                    0x2000057c   Data          64  main.o(.bss)
    huart1                                   0x200005bc   Data         128  main.o(.bss)
    hsdram1                                  0x2000063c   Data          52  main.o(.bss)
    ball                                     0x20000670   Data          24  main.o(.bss)
    TS_state                                 0x20000688   Data          44  main.o(.bss)
    __initial_sp                             0x20000ab8   Data           0  startup_stm32f746xx.o(STACK)



==============================================================================

Memory Map of the image

  Image Entry point : 0x080001c9

  Load Region LR_IROM1 (Base: 0x08000000, Size: 0x00006898, Max: 0x00100000, ABSOLUTE)

    Execution Region ER_IROM1 (Exec base: 0x08000000, Load base: 0x08000000, Size: 0x000067a8, Max: 0x00100000, ABSOLUTE)

    Exec Addr    Load Addr    Size         Type   Attr      Idx    E Section Name        Object

    0x08000000   0x08000000   0x000001c8   Data   RO            3    RESET               startup_stm32f746xx.o
    0x080001c8   0x080001c8   0x00000000   Code   RO         5117  * .ARM.Collect$$$$00000000  mc_w.l(entry.o)
    0x080001c8   0x080001c8   0x00000004   Code   RO         5392    .ARM.Collect$$$$00000001  mc_w.l(entry2.o)
    0x080001cc   0x080001cc   0x00000004   Code   RO         5395    .ARM.Collect$$$$00000004  mc_w.l(entry5.o)
    0x080001d0   0x080001d0   0x00000000   Code   RO         5397    .ARM.Collect$$$$00000008  mc_w.l(entry7b.o)
    0x080001d0   0x080001d0   0x00000000   Code   RO         5399    .ARM.Collect$$$$0000000A  mc_w.l(entry8b.o)
    0x080001d0   0x080001d0   0x00000008   Code   RO         5400    .ARM.Collect$$$$0000000B  mc_w.l(entry9a.o)
    0x080001d8   0x080001d8   0x00000004   Code   RO         5407    .ARM.Collect$$$$0000000E  mc_w.l(entry12b.o)
    0x080001dc   0x080001dc   0x00000000   Code   RO         5402    .ARM.Collect$$$$0000000F  mc_w.l(entry10a.o)
    0x080001dc   0x080001dc   0x00000000   Code   RO         5404    .ARM.Collect$$$$00000011  mc_w.l(entry11a.o)
    0x080001dc   0x080001dc   0x00000004   Code   RO         5393    .ARM.Collect$$$$00002712  mc_w.l(entry2.o)
    0x080001e0   0x080001e0   0x00000024   Code   RO            4    .text               startup_stm32f746xx.o
    0x08000204   0x08000204   0x00000062   Code   RO         5120    .text               mc_w.l(uldiv.o)
    0x08000266   0x08000266   0x00000002   PAD
    0x08000268   0x08000268   0x00000024   Code   RO         5122    .text               mc_w.l(rand.o)
    0x0800028c   0x0800028c   0x00000024   Code   RO         5125    .text               mc_w.l(memcpya.o)
    0x080002b0   0x080002b0   0x00000024   Code   RO         5127    .text               mc_w.l(memseta.o)
    0x080002d4   0x080002d4   0x0000002c   Code   RO         5411    .text               mc_w.l(uidiv.o)
    0x08000300   0x08000300   0x0000001e   Code   RO         5413    .text               mc_w.l(llshl.o)
    0x0800031e   0x0800031e   0x00000020   Code   RO         5415    .text               mc_w.l(llushr.o)
    0x0800033e   0x0800033e   0x00000002   PAD
    0x08000340   0x08000340   0x00000024   Code   RO         5428    .text               mc_w.l(init.o)
    0x08000364   0x08000364   0x00000038   Code   RO          347    i.BSP_LCD_Clear     stm32746g_discovery_lcd.o
    0x0800039c   0x0800039c   0x00000020   Code   RO          349    i.BSP_LCD_ClockConfig  stm32746g_discovery_lcd.o
    0x080003bc   0x080003bc   0x00000034   Code   RO          351    i.BSP_LCD_DisplayChar  stm32746g_discovery_lcd.o
    0x080003f0   0x080003f0   0x00000034   Code   RO          353    i.BSP_LCD_DisplayOn  stm32746g_discovery_lcd.o
    0x08000424   0x08000424   0x000000c8   Code   RO          354    i.BSP_LCD_DisplayStringAt  stm32746g_discovery_lcd.o
    0x080004ec   0x080004ec   0x00000118   Code   RO          357    i.BSP_LCD_DrawCircle  stm32746g_discovery_lcd.o
    0x08000604   0x08000604   0x0000007c   Code   RO          359    i.BSP_LCD_DrawHLine  stm32746g_discovery_lcd.o
    0x08000680   0x08000680   0x00000064   Code   RO          361    i.BSP_LCD_DrawPixel  stm32746g_discovery_lcd.o
    0x080006e4   0x080006e4   0x000000c4   Code   RO          365    i.BSP_LCD_FillCircle  stm32746g_discovery_lcd.o
    0x080007a8   0x080007a8   0x0000009c   Code   RO          368    i.BSP_LCD_FillRect  stm32746g_discovery_lcd.o
    0x08000844   0x08000844   0x00000020   Code   RO          372    i.BSP_LCD_GetXSize  stm32746g_discovery_lcd.o
    0x08000864   0x08000864   0x00000020   Code   RO          373    i.BSP_LCD_GetYSize  stm32746g_discovery_lcd.o
    0x08000884   0x08000884   0x000000a4   Code   RO          374    i.BSP_LCD_Init      stm32746g_discovery_lcd.o
    0x08000928   0x08000928   0x00000078   Code   RO          375    i.BSP_LCD_LayerDefaultInit  stm32746g_discovery_lcd.o
    0x080009a0   0x080009a0   0x00000138   Code   RO          378    i.BSP_LCD_MspInit   stm32746g_discovery_lcd.o
    0x08000ad8   0x08000ad8   0x0000000c   Code   RO          383    i.BSP_LCD_SelectLayer  stm32746g_discovery_lcd.o
    0x08000ae4   0x08000ae4   0x0000001c   Code   RO          384    i.BSP_LCD_SetBackColor  stm32746g_discovery_lcd.o
    0x08000b00   0x08000b00   0x0000001c   Code   RO          387    i.BSP_LCD_SetFont   stm32746g_discovery_lcd.o
    0x08000b1c   0x08000b1c   0x00000018   Code   RO          394    i.BSP_LCD_SetTextColor  stm32746g_discovery_lcd.o
    0x08000b34   0x08000b34   0x00000078   Code   RO          734    i.BSP_SDRAM_Init    stm32746g_discovery_sdram.o
    0x08000bac   0x08000bac   0x0000008c   Code   RO          735    i.BSP_SDRAM_Initialization_sequence  stm32746g_discovery_sdram.o
    0x08000c38   0x08000c38   0x00000168   Code   RO          737    i.BSP_SDRAM_MspInit  stm32746g_discovery_sdram.o
    0x08000da0   0x08000da0   0x00000170   Code   RO          816    i.BSP_TS_GetState   stm32746g_discovery_ts.o
    0x08000f10   0x08000f10   0x0000005c   Code   RO          817    i.BSP_TS_Get_GestureId  stm32746g_discovery_ts.o
    0x08000f6c   0x08000f6c   0x0000003c   Code   RO          821    i.BSP_TS_Init       stm32746g_discovery_ts.o
    0x08000fa8   0x08000fa8   0x00000002   Code   RO         1106    i.BusFault_Handler  stm32f7xx_it.o
    0x08000faa   0x08000faa   0x00000092   Code   RO         1420    i.DMA2D_SetConfig   stm32f7xx_hal_dma2d.o
    0x0800103c   0x0800103c   0x00000028   Code   RO         2027    i.DMA_CalcBaseAndBitshift  stm32f7xx_hal_dma.o
    0x08001064   0x08001064   0x00000054   Code   RO         2028    i.DMA_CheckFifoParam  stm32f7xx_hal_dma.o
    0x080010b8   0x080010b8   0x00000002   Code   RO         1107    i.DebugMon_Handler  stm32f7xx_it.o
    0x080010ba   0x080010ba   0x00000002   PAD
    0x080010bc   0x080010bc   0x000000b0   Code   RO          399    i.DrawChar          stm32746g_discovery_lcd.o
    0x0800116c   0x0800116c   0x0000005e   Code   RO         3162    i.FMC_SDRAM_Init    stm32f7xx_ll_fmc.o
    0x080011ca   0x080011ca   0x0000000c   Code   RO         3163    i.FMC_SDRAM_ProgramRefreshRate  stm32f7xx_ll_fmc.o
    0x080011d6   0x080011d6   0x00000020   Code   RO         3164    i.FMC_SDRAM_SendCommand  stm32f7xx_ll_fmc.o
    0x080011f6   0x080011f6   0x00000002   PAD
    0x080011f8   0x080011f8   0x0000008c   Code   RO         3166    i.FMC_SDRAM_Timing_Init  stm32f7xx_ll_fmc.o
    0x08001284   0x08001284   0x000000a0   Code   RO         1432    i.HAL_DMA2D_ConfigLayer  stm32f7xx_hal_dma2d.o
    0x08001324   0x08001324   0x0000005a   Code   RO         1440    i.HAL_DMA2D_Init    stm32f7xx_hal_dma2d.o
    0x0800137e   0x0800137e   0x00000002   PAD
    0x08001380   0x08001380   0x00000028   Code   RO         1195    i.HAL_DMA2D_MspInit  stm32f7xx_hal_msp.o
    0x080013a8   0x080013a8   0x0000010e   Code   RO         1444    i.HAL_DMA2D_PollForTransfer  stm32f7xx_hal_dma2d.o
    0x080014b6   0x080014b6   0x00000034   Code   RO         1447    i.HAL_DMA2D_Start   stm32f7xx_hal_dma2d.o
    0x080014ea   0x080014ea   0x00000062   Code   RO         2032    i.HAL_DMA_DeInit    stm32f7xx_hal_dma.o
    0x0800154c   0x0800154c   0x000000e4   Code   RO         2036    i.HAL_DMA_Init      stm32f7xx_hal_dma.o
    0x08001630   0x08001630   0x00000024   Code   RO         2397    i.HAL_Delay         stm32f7xx_hal.o
    0x08001654   0x08001654   0x000000b4   Code   RO         1196    i.HAL_FMC_MspInit   stm32f7xx_hal_msp.o
    0x08001708   0x08001708   0x000001d8   Code   RO         1964    i.HAL_GPIO_Init     stm32f7xx_hal_gpio.o
    0x080018e0   0x080018e0   0x0000000a   Code   RO         1966    i.HAL_GPIO_ReadPin  stm32f7xx_hal_gpio.o
    0x080018ea   0x080018ea   0x0000000a   Code   RO         1968    i.HAL_GPIO_WritePin  stm32f7xx_hal_gpio.o
    0x080018f4   0x080018f4   0x0000000c   Code   RO         2405    i.HAL_GetTick       stm32f7xx_hal.o
    0x08001900   0x08001900   0x00000034   Code   RO         2590    i.HAL_I2C_DeInit    stm32f7xx_hal_i2c.o
    0x08001934   0x08001934   0x00000006   Code   RO         2598    i.HAL_I2C_GetState  stm32f7xx_hal_i2c.o
    0x0800193a   0x0800193a   0x00000002   PAD
    0x0800193c   0x0800193c   0x000000b8   Code   RO         2599    i.HAL_I2C_Init      stm32f7xx_hal_i2c.o
    0x080019f4   0x080019f4   0x00000164   Code   RO         2617    i.HAL_I2C_Mem_Read  stm32f7xx_hal_i2c.o
    0x08001b58   0x08001b58   0x00000158   Code   RO         2620    i.HAL_I2C_Mem_Write  stm32f7xx_hal_i2c.o
    0x08001cb0   0x08001cb0   0x00000002   Code   RO         2623    i.HAL_I2C_MspDeInit  stm32f7xx_hal_i2c.o
    0x08001cb2   0x08001cb2   0x00000002   Code   RO         2624    i.HAL_I2C_MspInit   stm32f7xx_hal_i2c.o
    0x08001cb4   0x08001cb4   0x00000010   Code   RO         2411    i.HAL_IncTick       stm32f7xx_hal.o
    0x08001cc4   0x08001cc4   0x00000016   Code   RO         2412    i.HAL_Init          stm32f7xx_hal.o
    0x08001cda   0x08001cda   0x00000002   PAD
    0x08001cdc   0x08001cdc   0x00000040   Code   RO         2413    i.HAL_InitTick      stm32f7xx_hal.o
    0x08001d1c   0x08001d1c   0x00000052   Code   RO         3456    i.HAL_LTDC_ConfigLayer  stm32f7xx_hal_ltdc.o
    0x08001d6e   0x08001d6e   0x00000006   Code   RO         3471    i.HAL_LTDC_GetState  stm32f7xx_hal_ltdc.o
    0x08001d74   0x08001d74   0x000000f8   Code   RO         3473    i.HAL_LTDC_Init     stm32f7xx_hal_ltdc.o
    0x08001e6c   0x08001e6c   0x0000010c   Code   RO         1198    i.HAL_LTDC_MspInit  stm32f7xx_hal_msp.o
    0x08001f78   0x08001f78   0x00000030   Code   RO         1199    i.HAL_MspInit       stm32f7xx_hal_msp.o
    0x08001fa8   0x08001fa8   0x0000001a   Code   RO         1290    i.HAL_NVIC_EnableIRQ  stm32f7xx_hal_cortex.o
    0x08001fc2   0x08001fc2   0x00000002   PAD
    0x08001fc4   0x08001fc4   0x00000040   Code   RO         1296    i.HAL_NVIC_SetPriority  stm32f7xx_hal_cortex.o
    0x08002004   0x08002004   0x00000024   Code   RO         1297    i.HAL_NVIC_SetPriorityGrouping  stm32f7xx_hal_cortex.o
    0x08002028   0x08002028   0x000004fc   Code   RO         1725    i.HAL_RCCEx_PeriphCLKConfig  stm32f7xx_hal_rcc_ex.o
    0x08002524   0x08002524   0x0000012c   Code   RO         1618    i.HAL_RCC_ClockConfig  stm32f7xx_hal_rcc.o
    0x08002650   0x08002650   0x00000020   Code   RO         1625    i.HAL_RCC_GetPCLK1Freq  stm32f7xx_hal_rcc.o
    0x08002670   0x08002670   0x00000020   Code   RO         1626    i.HAL_RCC_GetPCLK2Freq  stm32f7xx_hal_rcc.o
    0x08002690   0x08002690   0x00000064   Code   RO         1627    i.HAL_RCC_GetSysClockFreq  stm32f7xx_hal_rcc.o
    0x080026f4   0x080026f4   0x00000338   Code   RO         1630    i.HAL_RCC_OscConfig  stm32f7xx_hal_rcc.o
    0x08002a2c   0x08002a2c   0x00000042   Code   RO         3303    i.HAL_SDRAM_Init    stm32f7xx_hal_sdram.o
    0x08002a6e   0x08002a6e   0x00000004   Code   RO         1201    i.HAL_SDRAM_MspInit  stm32f7xx_hal_msp.o
    0x08002a72   0x08002a72   0x00000022   Code   RO         3306    i.HAL_SDRAM_ProgramRefreshRate  stm32f7xx_hal_sdram.o
    0x08002a94   0x08002a94   0x00000030   Code   RO         3312    i.HAL_SDRAM_SendCommand  stm32f7xx_hal_sdram.o
    0x08002ac4   0x08002ac4   0x00000026   Code   RO         1301    i.HAL_SYSTICK_Config  stm32f7xx_hal_cortex.o
    0x08002aea   0x08002aea   0x00000002   Code   RO         4433    i.HAL_TIMEx_Break2Callback  stm32f7xx_hal_tim_ex.o
    0x08002aec   0x08002aec   0x00000002   Code   RO         4434    i.HAL_TIMEx_BreakCallback  stm32f7xx_hal_tim_ex.o
    0x08002aee   0x08002aee   0x00000002   Code   RO         4435    i.HAL_TIMEx_CommutCallback  stm32f7xx_hal_tim_ex.o
    0x08002af0   0x08002af0   0x00000060   Code   RO         4453    i.HAL_TIMEx_MasterConfigSynchronization  stm32f7xx_hal_tim_ex.o
    0x08002b50   0x08002b50   0x00000036   Code   RO         3748    i.HAL_TIM_Base_Init  stm32f7xx_hal_tim.o
    0x08002b86   0x08002b86   0x00000002   PAD
    0x08002b88   0x08002b88   0x00000064   Code   RO         1203    i.HAL_TIM_Base_MspInit  stm32f7xx_hal_msp.o
    0x08002bec   0x08002bec   0x0000002c   Code   RO         3753    i.HAL_TIM_Base_Start_IT  stm32f7xx_hal_tim.o
    0x08002c18   0x08002c18   0x00000002   Code   RO         3777    i.HAL_TIM_IC_CaptureCallback  stm32f7xx_hal_tim.o
    0x08002c1a   0x08002c1a   0x00000182   Code   RO         3791    i.HAL_TIM_IRQHandler  stm32f7xx_hal_tim.o
    0x08002d9c   0x08002d9c   0x00000002   Code   RO         3794    i.HAL_TIM_OC_DelayElapsedCallback  stm32f7xx_hal_tim.o
    0x08002d9e   0x08002d9e   0x00000002   Code   RO         3821    i.HAL_TIM_PWM_PulseFinishedCallback  stm32f7xx_hal_tim.o
    0x08002da0   0x08002da0   0x00000260   Code   RO          989    i.HAL_TIM_PeriodElapsedCallback  main.o
    0x08003000   0x08003000   0x00000002   Code   RO         3834    i.HAL_TIM_TriggerCallback  stm32f7xx_hal_tim.o
    0x08003002   0x08003002   0x00000066   Code   RO         4722    i.HAL_UART_Init     stm32f7xx_hal_uart.o
    0x08003068   0x08003068   0x00000090   Code   RO         1205    i.HAL_UART_MspInit  stm32f7xx_hal_msp.o
    0x080030f8   0x080030f8   0x00000002   Code   RO         1108    i.HardFault_Handler  stm32f7xx_it.o
    0x080030fa   0x080030fa   0x00000022   Code   RO         2646    i.I2C_Flush_TXDR    stm32f7xx_hal_i2c.o
    0x0800311c   0x0800311c   0x00000088   Code   RO         2654    i.I2C_IsAcknowledgeFailed  stm32f7xx_hal_i2c.o
    0x080031a4   0x080031a4   0x00000064   Code   RO         2657    i.I2C_RequestMemoryRead  stm32f7xx_hal_i2c.o
    0x08003208   0x08003208   0x00000064   Code   RO         2658    i.I2C_RequestMemoryWrite  stm32f7xx_hal_i2c.o
    0x0800326c   0x0800326c   0x0000002c   Code   RO         2661    i.I2C_TransferConfig  stm32f7xx_hal_i2c.o
    0x08003298   0x08003298   0x0000005a   Code   RO         2662    i.I2C_WaitOnFlagUntilTimeout  stm32f7xx_hal_i2c.o
    0x080032f2   0x080032f2   0x0000004e   Code   RO         2664    i.I2C_WaitOnSTOPFlagUntilTimeout  stm32f7xx_hal_i2c.o
    0x08003340   0x08003340   0x00000052   Code   RO         2665    i.I2C_WaitOnTXISFlagUntilTimeout  stm32f7xx_hal_i2c.o
    0x08003392   0x08003392   0x00000012   Code   RO           37    i.I2Cx_Error        stm32746g_discovery.o
    0x080033a4   0x080033a4   0x00000050   Code   RO           38    i.I2Cx_Init         stm32746g_discovery.o
    0x080033f4   0x080033f4   0x00000124   Code   RO           39    i.I2Cx_MspInit      stm32746g_discovery.o
    0x08003518   0x08003518   0x0000002a   Code   RO           40    i.I2Cx_ReadMultiple  stm32746g_discovery.o
    0x08003542   0x08003542   0x0000002a   Code   RO           41    i.I2Cx_WriteMultiple  stm32746g_discovery.o
    0x0800356c   0x0800356c   0x00000080   Code   RO          402    i.LL_FillBuffer     stm32746g_discovery_lcd.o
    0x080035ec   0x080035ec   0x000001d0   Code   RO         3492    i.LTDC_SetConfig    stm32f7xx_hal_ltdc.o
    0x080037bc   0x080037bc   0x00000050   Code   RO          990    i.MX_FMC_Init       main.o
    0x0800380c   0x0800380c   0x00000510   Code   RO          991    i.MX_GPIO_Init      main.o
    0x08003d1c   0x08003d1c   0x000000c4   Code   RO          992    i.MX_LTDC_Init      main.o
    0x08003de0   0x08003de0   0x00000030   Code   RO          993    i.MX_USART1_UART_Init  main.o
    0x08003e10   0x08003e10   0x00000002   Code   RO         1109    i.MemManage_Handler  stm32f7xx_it.o
    0x08003e12   0x08003e12   0x00000002   Code   RO         1110    i.NMI_Handler       stm32f7xx_it.o
    0x08003e14   0x08003e14   0x00000002   Code   RO         1111    i.PendSV_Handler    stm32f7xx_it.o
    0x08003e16   0x08003e16   0x00000002   Code   RO         1112    i.SVC_Handler       stm32f7xx_it.o
    0x08003e18   0x08003e18   0x00000004   Code   RO         1113    i.SysTick_Handler   stm32f7xx_it.o
    0x08003e1c   0x08003e1c   0x000000a8   Code   RO          994    i.SystemClock_Config  main.o
    0x08003ec4   0x08003ec4   0x00000054   Code   RO         5083    i.SystemInit        system_stm32f7xx.o
    0x08003f18   0x08003f18   0x0000000c   Code   RO         1114    i.TIM6_DAC_IRQHandler  stm32f7xx_it.o
    0x08003f24   0x08003f24   0x0000000c   Code   RO         1115    i.TIM7_IRQHandler   stm32f7xx_it.o
    0x08003f30   0x08003f30   0x000000cc   Code   RO         3836    i.TIM_Base_SetConfig  stm32f7xx_hal_tim.o
    0x08003ffc   0x08003ffc   0x00000004   Code   RO           42    i.TS_IO_Delay       stm32746g_discovery.o
    0x08004000   0x08004000   0x0000000c   Code   RO           43    i.TS_IO_Init        stm32746g_discovery.o
    0x0800400c   0x0800400c   0x00000028   Code   RO           44    i.TS_IO_Read        stm32746g_discovery.o
    0x08004034   0x08004034   0x00000020   Code   RO           45    i.TS_IO_Write       stm32746g_discovery.o
    0x08004054   0x08004054   0x000000c8   Code   RO         4735    i.UART_AdvFeatureConfig  stm32f7xx_hal_uart.o
    0x0800411c   0x0800411c   0x0000003c   Code   RO         4736    i.UART_CheckIdleState  stm32f7xx_hal_uart.o
    0x08004158   0x08004158   0x00000254   Code   RO         4751    i.UART_SetConfig    stm32f7xx_hal_uart.o
    0x080043ac   0x080043ac   0x00000060   Code   RO         4754    i.UART_WaitOnFlagUntilTimeout  stm32f7xx_hal_uart.o
    0x0800440c   0x0800440c   0x00000002   Code   RO         1116    i.UsageFault_Handler  stm32f7xx_it.o
    0x0800440e   0x0800440e   0x00000002   PAD
    0x08004410   0x08004410   0x00000028   Code   RO         5178    i.__0sprintf$1      mc_w.l(printf1.o)
    0x08004438   0x08004438   0x00000022   Code   RO         1303    i.__NVIC_SetPriority  stm32f7xx_hal_cortex.o
    0x0800445a   0x0800445a   0x0000000e   Code   RO         5438    i.__scatterload_copy  mc_w.l(handlers.o)
    0x08004468   0x08004468   0x00000002   Code   RO         5439    i.__scatterload_null  mc_w.l(handlers.o)
    0x0800446a   0x0800446a   0x0000000e   Code   RO         5440    i.__scatterload_zeroinit  mc_w.l(handlers.o)
    0x08004478   0x08004478   0x00000154   Code   RO         5183    i._printf_core      mc_w.l(printf1.o)
    0x080045cc   0x080045cc   0x0000000a   Code   RO         5185    i._sputc            mc_w.l(printf1.o)
    0x080045d6   0x080045d6   0x00000002   PAD
    0x080045d8   0x080045d8   0x00000088   Code   RO          995    i.ball_direction_initial  main.o
    0x08004660   0x08004660   0x00000040   Code   RO          996    i.draw_ball         main.o
    0x080046a0   0x080046a0   0x000000d0   Code   RO          997    i.draw_rect         main.o
    0x08004770   0x08004770   0x00000030   Code   RO          998    i.draw_score        main.o
    0x080047a0   0x080047a0   0x00000018   Code   RO          892    i.ft5336_I2C_InitializeIfRequired  ft5336.o
    0x080047b8   0x080047b8   0x00000010   Code   RO          893    i.ft5336_Init       ft5336.o
    0x080047c8   0x080047c8   0x0000003a   Code   RO          894    i.ft5336_ReadID     ft5336.o
    0x08004802   0x08004802   0x00000002   Code   RO          895    i.ft5336_Reset      ft5336.o
    0x08004804   0x08004804   0x00000002   Code   RO          896    i.ft5336_TS_ClearIT  ft5336.o
    0x08004806   0x08004806   0x00000002   PAD
    0x08004808   0x08004808   0x00000040   Code   RO          897    i.ft5336_TS_DetectTouch  ft5336.o
    0x08004848   0x08004848   0x0000000a   Code   RO          898    i.ft5336_TS_DisableIT  ft5336.o
    0x08004852   0x08004852   0x0000000a   Code   RO          899    i.ft5336_TS_EnableIT  ft5336.o
    0x0800485c   0x0800485c   0x0000001e   Code   RO          900    i.ft5336_TS_GetGestureID  ft5336.o
    0x0800487a   0x0800487a   0x00000002   PAD
    0x0800487c   0x0800487c   0x000000cc   Code   RO          901    i.ft5336_TS_GetTouchInfo  ft5336.o
    0x08004948   0x08004948   0x00000120   Code   RO          902    i.ft5336_TS_GetXY   ft5336.o
    0x08004a68   0x08004a68   0x00000004   Code   RO          903    i.ft5336_TS_ITStatus  ft5336.o
    0x08004a6c   0x08004a6c   0x00000004   Code   RO          904    i.ft5336_TS_Start   ft5336.o
    0x08004a70   0x08004a70   0x000001f0   Code   RO          999    i.main              main.o
    0x08004c60   0x08004c60   0x00000050   Code   RO         1000    i.print_mode1       main.o
    0x08004cb0   0x08004cb0   0x00001ab8   Data   RO          404    .constdata          stm32746g_discovery_lcd.o
    0x08006768   0x08006768   0x00000008   Data   RO         2042    .constdata          stm32f7xx_hal_dma.o
    0x08006770   0x08006770   0x00000010   Data   RO         5084    .constdata          system_stm32f7xx.o
    0x08006780   0x08006780   0x00000008   Data   RO         5085    .constdata          system_stm32f7xx.o
    0x08006788   0x08006788   0x00000020   Data   RO         5436    Region$$Table       anon$$obj.o


    Execution Region RW_IRAM1 (Exec base: 0x20000000, Load base: 0x080067a8, Size: 0x00000ab8, Max: 0x00050000, ABSOLUTE)

    Exec Addr    Load Addr    Size         Type   Attr      Idx    E Section Name        Object

    0x20000000   0x080067a8   0x0000000c   Data   RW          409    .data               stm32746g_discovery_lcd.o
    0x2000000c   0x080067b4   0x00000002   Data   RW          744    .data               stm32746g_discovery_sdram.o
    0x2000000e   0x080067b6   0x00000002   PAD
    0x20000010   0x080067b8   0x0000000c   Data   RW          824    .data               stm32746g_discovery_ts.o
    0x2000001c   0x080067c4   0x00000028   Data   RW          905    .data               ft5336.o
    0x20000044   0x080067ec   0x00000005   Data   RW          906    .data               ft5336.o
    0x20000049   0x080067f1   0x00000003   PAD
    0x2000004c   0x080067f4   0x00000088   Data   RW         1003    .data               main.o
    0x200000d4   0x0800687c   0x00000008   Data   RW         1206    .data               stm32f7xx_hal_msp.o
    0x200000dc   0x08006884   0x0000000c   Data   RW         2419    .data               stm32f7xx_hal.o
    0x200000e8   0x08006890   0x00000004   Data   RW         5086    .data               system_stm32f7xx.o
    0x200000ec   0x08006894   0x00000004   Data   RW         5123    .data               mc_w.l(rand.o)
    0x200000f0        -       0x00000098   Zero   RW           46    .bss                stm32746g_discovery.o
    0x20000188        -       0x00000184   Zero   RW          403    .bss                stm32746g_discovery_lcd.o
    0x2000030c        -       0x00000120   Zero   RW          743    .bss                stm32746g_discovery_sdram.o
    0x2000042c        -       0x00000028   Zero   RW          823    .bss                stm32746g_discovery_ts.o
    0x20000454        -       0x00000260   Zero   RW         1002    .bss                main.o
    0x200006b4   0x08006898   0x00000004   PAD
    0x200006b8        -       0x00000400   Zero   RW            1    STACK               startup_stm32f746xx.o


==============================================================================

Image component sizes


      Code (inc. data)   RO Data    RW Data    ZI Data      Debug   Object Name

       716         38          0         45          0      17475   ft5336.o
      3428        226          0        136        608      10906   main.o
        36          8        456          0       1024        828   startup_stm32f746xx.o
       562         60          0          0        152     851992   stm32746g_discovery.o
      2304        220       6840         12        388      25458   stm32746g_discovery_lcd.o
       620         56          0          2        288       5024   stm32746g_discovery_sdram.o
       520         22          0         12         40       6358   stm32746g_discovery_ts.o
       150         24          0         12          0       8961   stm32f7xx_hal.o
       198         12          0          0          0      38927   stm32f7xx_hal_cortex.o
       450         12          8          0          0       3640   stm32f7xx_hal_dma.o
       718          4          0          0          0       5083   stm32f7xx_hal_dma2d.o
       492         54          0          0          0       3195   stm32f7xx_hal_gpio.o
      1610         38          0          0          0      14004   stm32f7xx_hal_i2c.o
       800          6          0          0          0       3623   stm32f7xx_hal_ltdc.o
       784        110          0          8          0       5027   stm32f7xx_hal_msp.o
      1288         68          0          0          0       5052   stm32f7xx_hal_rcc.o
      1276         16          0          0          0       2264   stm32f7xx_hal_rcc_ex.o
       148          0          0          0          0       2684   stm32f7xx_hal_sdram.o
       696         50          0          0          0       6665   stm32f7xx_hal_tim.o
       102          8          0          0          0       2996   stm32f7xx_hal_tim_ex.o
      1054         70          0          0          0       4949   stm32f7xx_hal_uart.o
        44         12          0          0          0       4910   stm32f7xx_it.o
       278          6          0          0          0       3332   stm32f7xx_ll_fmc.o
        84         16         24          4          0       1199   system_stm32f7xx.o

    ----------------------------------------------------------------------
     18378       1136       7360        236       2504    1034552   Object Totals
         0          0         32          0          0          0   (incl. Generated)
        20          0          0          5          4          0   (incl. Padding)

    ----------------------------------------------------------------------

      Code (inc. data)   RO Data    RW Data    ZI Data      Debug   Library Member Name

         0          0          0          0          0          0   entry.o
         0          0          0          0          0          0   entry10a.o
         0          0          0          0          0          0   entry11a.o
         4          0          0          0          0          0   entry12b.o
         8          4          0          0          0          0   entry2.o
         4          0          0          0          0          0   entry5.o
         0          0          0          0          0          0   entry7b.o
         0          0          0          0          0          0   entry8b.o
         8          4          0          0          0          0   entry9a.o
        30          0          0          0          0          0   handlers.o
        36          8          0          0          0         68   init.o
        30          0          0          0          0         68   llshl.o
        32          0          0          0          0         68   llushr.o
        36          0          0          0          0         68   memcpya.o
        36          0          0          0          0        108   memseta.o
       390         10          0          0          0        252   printf1.o
        36         10          0          4          0        136   rand.o
        44          0          0          0          0         80   uidiv.o
        98          0          0          0          0         92   uldiv.o

    ----------------------------------------------------------------------
       798         36          0          4          0        940   Library Totals
         6          0          0          0          0          0   (incl. Padding)

    ----------------------------------------------------------------------

      Code (inc. data)   RO Data    RW Data    ZI Data      Debug   Library Name

       792         36          0          4          0        940   mc_w.l

    ----------------------------------------------------------------------
       798         36          0          4          0        940   Library Totals

    ----------------------------------------------------------------------

==============================================================================


      Code (inc. data)   RO Data    RW Data    ZI Data      Debug   

     19176       1172       7360        240       2504    1021032   Grand Totals
     19176       1172       7360        240       2504    1021032   ELF Image Totals
     19176       1172       7360        240          0          0   ROM Totals

==============================================================================

    Total RO  Size (Code + RO Data)                26536 (  25.91kB)
    Total RW  Size (RW Data + ZI Data)              2744 (   2.68kB)
    Total ROM Size (Code + RO Data + RW Data)      26776 (  26.15kB)

==============================================================================

